s5p_gpio.c:46:30:s5p_gpio_get_bank	4	static
s5p_gpio.c:73:13:s5p_gpio_cfg_pin	0	static
s5p_gpio.c:263:12:exynos_gpio_get_function	8	static
s5p_gpio.c:215:12:exynos_gpio_get_value	8	static
s5p_gpio.c:200:12:exynos_gpio_direction_output	16	static
s5p_gpio.c:189:12:exynos_gpio_direction_input	8	static
s5p_gpio.c:285:12:gpio_exynos_probe	8	static
s5p_gpio.c:307:12:gpio_exynos_bind	48	static
s5p_gpio.c:223:12:exynos_gpio_set_value	16	static
s5p_gpio.c:181:5:s5p_gpio_get_pin	0	static
s5p_gpio.c:238:6:gpio_set_pull	16	static
s5p_gpio.c:244:6:gpio_set_drv	16	static
s5p_gpio.c:250:6:gpio_cfg_pin	16	static
s5p_gpio.c:256:6:gpio_set_rate	16	static
