43e00000 T __image_copy_start
43e00000 T _start
43e00020 T _undefined_instruction
43e00024 T _software_interrupt
43e00028 T _prefetch_abort
43e0002c T _data_abort
43e00030 T _not_used
43e00034 T _irq
43e00038 T _fiq
43e00040 T IRQ_STACK_START_IN
43e00060 t undefined_instruction
43e000c0 t software_interrupt
43e00120 t prefetch_abort
43e00180 t data_abort
43e001e0 t not_used
43e00240 t irq
43e002a0 t fiq
43e002e8 T reset
43e002ec T save_boot_params_ret
43e00320 T c_runtime_cpu_setup
43e00330 W save_boot_params
43e00334 T cpu_init_cp15
43e0038c T __v7_flush_dcache_all
43e003a0 t start_flush_levels
43e003a4 t flush_levels
43e003e0 t loop1
43e003e4 t loop2
43e00400 t skip
43e0040c t finished
43e00420 T v7_flush_dcache_all
43e00430 T __v7_invalidate_dcache_all
43e00448 t inval_levels
43e00484 t inval_loop1
43e00488 t inval_loop2
43e004a4 t inval_skip
43e004b0 t inval_finished
43e004c4 T v7_invalidate_dcache_all
43e004d4 T allow_unaligned
43e004e4 T invalidate_dcache_all
43e004e8 T flush_dcache_all
43e004ec T invalidate_dcache_range
43e004f0 T flush_dcache_range
43e004f4 T invalidate_icache_all
43e0050c W v7_outer_cache_disable
43e00510 W cpu_cache_initialization
43e00514 T cleanup_before_linux_select
43e00560 T cleanup_before_linux
43e00568 T arch_cpu_init
43e00614 T print_cpuinfo
43e00680 t timer_get_us_down
43e006c0 T get_timer
43e007a8 T timer_get_us
43e00800 T __udelay
43e00824 T reset_timer_masked
43e0086c T timer_init
43e008c0 T get_ticks
43e008d4 T get_tbclk
43e008dc T pwm_enable
43e00938 T pwm_config
43e00ab4 T pwm_init
43e00be0 T _main
43e00c2c t here
43e00c80 T memset
43e00d5c T memcpy
43e01108 T setjmp
43e01118 T longjmp
43e01134 W relocate_vectors
43e01140 T relocate_code
43e01150 t copy_loop
43e01168 t fixloop
43e01188 t fixnext
43e01190 t relocate_done
43e011a4 T arch_fixup_fdt
43e01204 T arch_lmb_reserve
43e01268 W board_quiesce_devices
43e0126c t boot_jump_linux
43e0133c W setup_board_tags
43e01340 t boot_prep_linux
43e01520 T do_bootm_linux
43e01578 T boot_prep_vxworks
43e015c8 T boot_jump_vxworks
43e015d4 T bootz_setup
43e01674 T arch_reserve_stacks
43e01690 T interrupt_init
43e016ac T enable_interrupts
43e016b0 T disable_interrupts
43e016b8 T bad_mode
43e016c8 T show_regs
43e01894 T do_undefined_instruction
43e018cc T do_software_interrupt
43e01904 T do_prefetch_abort
43e0193c T do_data_abort
43e01974 T do_not_used
43e019ac T do_fiq
43e019e4 T do_irq
43e01a1c T do_reset
43e01a4c W enable_caches
43e01a58 W flush_cache
43e01a60 T icache_enable
43e01a74 T icache_disable
43e01a8c T icache_status
43e01a98 T dcache_enable
43e01a9c T dcache_disable
43e01aa0 T dcache_status
43e01aa8 T reset_cpu
43e01ae8 t exynos_get_pll_clk
43e01bc0 t get_clk_bit_info
43e01c08 t exynos542x_get_pll_clk
43e01cf4 t exynos5_get_pll_clk
43e01e04 T clock_get_periph_rate
43e0217c T get_pll_clk
43e02288 T get_arm_clk
43e022f0 T get_pwm_clk
43e023d4 T get_uart_clk
43e024b0 T get_mmc_clk
43e025e8 T set_mmc_clk
43e02700 t exynos4_uart_config
43e02700 t exynos4x12_uart_config
43e02700 t exynos5420_uart_config
43e02780 t exynos4_i2c_config.isra.1
43e02780 t exynos4x12_i2c_config.isra.0
43e0287c T exynos5_spi_config
43e02944 T exynos5420_spi_config
43e029f4 T exynos_pinmux_config
43e032d4 T pinmux_decode_periph_id
43e0332c T g_dnl_bind_fixup
43e033d0 T board_init
43e033e4 T dram_init
43e03418 T dram_init_banksize
43e03460 T board_early_init_f
43e034a0 T checkboard
43e034e0 T reset_misc
43e03574 T board_usb_cleanup
43e0357c T get_board_rev
43e03584 T exynos_init
43e0358c T board_usb_init
43e03594 T exynos_early_init_f
43e0359c W do_go_exec
43e035ac t do_go
43e03618 T do_bootm
43e03720 T do_bootd
43e03740 t image_info
43e0380c t do_iminfo
43e03868 t do_help
43e038ac t do_version
43e038ec T source
43e039c0 t do_source
43e03a08 t print_num
43e03a1c t do_bdinfo
43e03b34 t do_blkcache
43e03b9c t blkc_configure
43e03c04 t blkc_show
43e03c44 t efi_install_fdt
43e03e98 t do_bootefi_exec
43e04124 T efi_init_obj_list
43e041a0 t do_bootefi
43e04308 T efi_set_bootdev
43e043fc T do_bootz
43e044f8 t parse_argv
43e0455c t do_icache
43e045e4 t do_dcache
43e0466c t do_coninfo
43e0471c t do_echo
43e047d0 t load_elf_image_phdr
43e048cc T valid_elf_image
43e04918 T do_bootelf
43e04ae4 T do_bootvx
43e04dac t do_exit
43e04df4 T do_ext4_size
43e04e0c T do_ext4_load
43e04e24 T do_ext4_ls
43e04e3c T do_ext4_write
43e04e54 T do_ext2load
43e04e6c t do_ext2ls
43e04e84 T do_fat_size
43e04e9c T do_fat_fsload
43e04eb4 t do_fat_ls
43e04ecc t do_fat_fsinfo
43e04f58 t do_fat_fswrite
43e0507c t fdt_valid
43e05138 t is_printable_string
43e051c0 t print_data
43e05330 T set_working_fdt_addr
43e0534c t do_fdt
43e06290 t do_flerase
43e06298 t do_protect
43e062a8 t do_flinfo
43e062b0 t do_size_wrapper
43e062c8 t do_load_wrapper
43e0632c t do_save_wrapper
43e06344 t do_ls_wrapper
43e0635c t do_fstype_wrapper
43e06360 t evalexp
43e063dc t evalstr
43e06440 t binary_test
43e06600 t do_itest
43e06688 t bin_data_init
43e066b4 t k_data_save
43e06700 t k_data_restore
43e0674c t getcxmodem
43e0676c t load_serial_ymodem
43e06838 t bin_data_char
43e06864 t chk1.constprop.1
43e06894 t s1_sendpacket.constprop.2
43e068e4 t load_serial
43e06ac8 t do_load_serial
43e06ba4 t do_load_serial_bin
43e07344 t do_mem_mw
43e07404 t do_mem_loop
43e074f0 t do_mem_md
43e075d8 t do_mem_cmp
43e0772c t do_mem_base
43e0776c t do_mem_cp
43e07814 t do_mem_crc
43e0785c t mod_mem.isra.0
43e079cc t do_mem_mm
43e079d4 t do_mem_nm
43e079dc t do_mmcops
43e07a94 t init_mmc_device
43e07ae4 t do_mmc_rescan
43e07b08 t do_mmc_hwpartition
43e08018 t do_mmc_list
43e0802c t do_mmc_dev
43e08160 t do_mmc_part
43e081c0 t do_mmc_erase
43e082a8 t do_mmc_write
43e083a8 t do_mmc_read
43e08488 t do_mmcinfo
43e08830 t do_mmc_setdsr
43e088d8 t do_part_list
43e08a54 t do_part_info
43e08b68 t do_part
43e08c78 t eol_or_eof
43e08c9c t from_env
43e08cc8 t label_print
43e08ce4 t do_get_any
43e08d28 t do_get_fat
43e08d64 t do_get_ext2
43e08da0 t get_string
43e08e70 t label_destroy
43e08ee4 t destroy_pxe_menu
43e08f40 t get_token
43e0905c t parse_sliteral
43e090b0 t parse_integer
43e09120 t get_pxe_file.part.1
43e0916c t get_relfile
43e092a4 t get_relfile_envaddr
43e092f4 t label_boot
43e09860 t handle_include
43e09914 t parse_pxefile_top
43e09d6c t do_sysboot
43e0a0ec t get_arg
43e0a144 t do_setexpr
43e0a278 t do_false
43e0a280 t do_true
43e0a288 t do_test
43e0a5b4 t ums_fini
43e0a60c t ums_write_sector
43e0a61c t ums_read_sector
43e0a62c t do_usb_mass_storage
43e0a978 T do_thor_down
43e0aa3c t do_dfu
43e0aabc t extract_val
43e0ab58 t extract_env
43e0ac4c t set_gpt_info.isra.1.constprop.2
43e0b12c t do_gpt
43e0b430 t do_env_delete
43e0b4cc t do_env_exists
43e0b530 t do_env_save
43e0b544 t do_env
43e0b5ac t env_print
43e0b670 t do_env_print
43e0b730 t do_env_import
43e0b99c t do_env_default
43e0ba38 t _do_env_set.isra.0
43e0bbe4 t do_env_set
43e0bc04 T get_env_id
43e0bc14 T env_set
43e0bc74 T env_set_ulong
43e0bc94 T env_set_hex
43e0bcc8 t do_env_export
43e0beec T eth_parse_enetaddr
43e0bf48 T envmatch
43e0bfac T env_get_f
43e0c088 T env_get
43e0c100 T env_get_hex
43e0c13c T eth_env_get_enetaddr
43e0c198 T eth_env_set_enetaddr
43e0c1e4 T env_get_ulong
43e0c214 t do_env_edit.part.2
43e0c2c0 t do_env_edit
43e0c2ec T board_init_f_alloc_reserve
43e0c2fc T board_init_f_init_reserve
43e0c31c W show_boot_progress
43e0c324 T main_loop
43e0c370 t mdelay
43e0c394 t dummy
43e0c398 T get_version
43e0c3a0 T jumptable_init
43e0c580 t hash_finish_crc32
43e0c5b0 t hash_update_crc32
43e0c5d4 t hash_init_crc32
43e0c5f8 T hash_lookup_algo
43e0c620 T hash_command
43e0c6d0 t b_reset
43e0c6ec t static_get
43e0c708 t file_peek
43e0c714 t mapset
43e0c738 t syntax_err
43e0c744 t free_pipe_list
43e0c834 t xmalloc
43e0c854 t new_pipe
43e0c87c t xrealloc
43e0c89c t done_command
43e0c924 t done_pipe
43e0c96c t done_word
43e0cc40 t do_showvar
43e0cd40 t is_assignment
43e0cd9c t file_get
43e0cf88 t b_addchr
43e0d008 t b_addqchr
43e0d058 t static_peek
43e0d064 T get_local_var
43e0d0f8 T set_local_var
43e0d2a0 t insert_var_value_sub
43e0d55c T parse_string_outer
43e0d644 t run_list_real
43e0ddec t parse_stream_outer
43e0e49c T parse_file_outer
43e0e4e0 T u_boot_hush_start
43e0e534 T bootdelay_process
43e0e5f8 T autoboot_command
43e0e6ec t log_init
43e0e6f4 t log_init
43e0e6fc t setup_mon_len
43e0e71c t reserve_round_4k
43e0e734 W reserve_mmu
43e0e76c t reserve_uboot
43e0e7ac t reserve_malloc
43e0e7c4 t setup_machine
43e0e7d8 t reserve_global_data
43e0e7f4 t reserve_fdt
43e0e840 t initf_console_record
43e0e848 W arch_cpu_init_dm
43e0e850 t setup_reloc
43e0e890 t reloc_fdt
43e0e8d4 t reserve_board
43e0e914 t announce_dram_init
43e0e92c t init_baud_rate
43e0e958 t initf_dm
43e0e960 t initf_bootstage
43e0e974 W reserve_arch
43e0e97c t display_text_info
43e0e984 W mach_cpu_init
43e0e98c t reserve_video
43e0e994 t reserve_trace
43e0e99c t reserve_bootstage
43e0e9a4 t display_new_sp
43e0e9ac t reloc_bootstage
43e0e9b4 W coloured_LED_init
43e0e9b8 W red_led_on
43e0e9bc W board_add_ram_info
43e0e9c0 t show_dram_config
43e0ea18 W board_get_usable_ram_top
43e0ea2c t setup_dest_addr
43e0ea74 t reserve_stacks
43e0ea90 T board_init_f
43e0eab8 t bootstage_relocate
43e0eac0 t initr_reloc
43e0ead8 W power_init_board
43e0eae0 t initr_announce
43e0eae8 t run_main_loop
43e0eaf4 t initr_enable_interrupts
43e0eb04 t initr_jumptable
43e0eb14 t initr_env
43e0eb78 t initr_mmc
43e0eb98 t initr_serial
43e0eba8 t initr_dm
43e0ebbc t initr_bootstage
43e0ebd0 t initr_malloc
43e0ebf4 t initr_reloc_global_data
43e0ec2c t initr_caches
43e0ec3c t initr_trace
43e0ec44 t initr_barrier
43e0ec4c t initr_console_record
43e0ec54 W cpu_secondary_init_r
43e0ec58 t initr_secondary_cpu
43e0ec68 T board_init_r
43e0ec88 W show_board_info
43e0ecc0 T bootm_find_images
43e0ed68 T bootm_decomp_image
43e0eea8 T bootm_disable_interrupts
43e0eeac T do_bootm_states
43e0f5e4 t copy_args
43e0f634 t do_bootm_rtems
43e0f674 t do_bootm_plan9
43e0f718 t do_bootm_standalone
43e0f77c t do_bootm_qnxelf
43e0f7f4 t do_bootm_netbsd
43e0f8ec T do_bootvx_fdt
43e0fa04 t do_bootm_vxworks
43e0fa28 W arch_preboot_os
43e0fa2c T boot_selected_os
43e0fa84 T bootm_os_get_boot_func
43e0fa94 t of_bus_default_map
43e0fb70 T fdt_support_default_count_cells
43e0fbc8 t of_bus_default_translate
43e0fc70 T fdt_find_and_setprop
43e0fce0 T fdt_find_or_add_subnode
43e0fd40 T fdt_root
43e0fdd0 T fdt_initrd
43e0ff98 T fdt_chosen
43e10040 T do_fixup_by_path
43e10094 T fdt_fixup_memory_banks
43e102bc T fdt_fixup_memory
43e102dc T fdt_fixup_ethernet
43e1048c T fdt_shrink_to_minimum
43e1055c T fdt_translate_address
43e107f4 W menu_display_statusline
43e107f8 T menu_default_set
43e10878 T menu_get_choice
43e10a64 T menu_item_add
43e10b34 T menu_create
43e10bc4 T menu_destroy
43e10c30 t delete_char.part.0
43e10d04 t cread_add_char
43e10dec T cli_readline_into_buffer
43e11808 T cli_readline
43e1181c T cli_simple_process_macros
43e11a34 T bounce_buffer_start
43e11ac0 T bounce_buffer_stop
43e11b14 t console_setfile
43e11bd0 T putc
43e11c20 T puts
43e11c88 T fgetc
43e11cac T getc
43e11cd0 T ftstc
43e11cf4 T tstc
43e11d18 T fputs
43e11d34 T ctrlc
43e11d8c T disable_ctrlc
43e11da4 T had_ctrlc
43e11db4 T clear_ctrlc
43e11dc8 T search_device
43e11df0 T console_assign
43e11e30 t on_console
43e11ee8 T console_init_f
43e11ef8 T console_init_r
43e11fd0 T sbrk
43e1203c T mem_malloc_init
43e12070 t malloc_trim
43e12140 t free
43e12380 t malloc
43e12990 t calloc
43e12ad0 t realloc
43e12f0c t memalign
43e130a4 T initf_malloc
43e130bc T malloc_simple
43e130ec t on_loadaddr
43e1312c T image_check_hcrc
43e13178 T image_check_dcrc
43e131b0 T image_multi_count
43e131d0 T image_multi_getimg
43e13250 T env_get_bootm_low
43e13280 T env_get_bootm_size
43e132e8 T env_get_bootm_mapsize
43e13318 T memmove_wd
43e13324 T genimg_print_size
43e13354 T get_table_entry
43e13378 T get_table_entry_name
43e13398 T genimg_get_os_name
43e133b0 T genimg_get_arch_name
43e133c8 T genimg_get_type_name
43e133e0 T genimg_get_comp_name
43e133f8 T image_print_contents
43e135a8 T genimg_get_kernel_addr_fit
43e135cc T genimg_get_kernel_addr
43e135f0 T genimg_get_format
43e13624 T genimg_has_config
43e1362c T boot_get_ramdisk
43e138a8 T boot_ramdisk_high
43e139d8 T boot_get_setup
43e139e0 T image_setup_linux
43e13a44 t fdt_error
43e13a70 T boot_fdt_add_mem_rsv_regions
43e13afc T boot_relocate_fdt
43e13c90 T boot_get_fdt
43e13f18 W ft_verify_fdt
43e13f20 T image_setup_libfdt
43e14030 T get_ram_size
43e14114 W get_effective_memsize
43e1411c t stdio_serial_tstc
43e14120 t stdio_serial_getc
43e14124 t stdio_serial_puts
43e1412c t stdio_serial_putc
43e14134 T stdio_get_list
43e14140 T stdio_get_by_name
43e1418c T stdio_clone
43e141c4 T stdio_register_dev
43e14214 T stdio_register
43e1421c T stdio_init_tables
43e14238 T stdio_add_devices
43e14314 T run_command
43e14324 T run_command_list
43e143a0 T do_run
43e14414 T cli_process_fdt
43e14454 T cli_secure_boot_cmd
43e144cc T cli_loop
43e144d8 T cli_init
43e144dc T run_usb_dnl_gadget
43e145f8 T find_cmd_tbl
43e14698 T find_cmd
43e146c0 T cmd_usage
43e1471c T _do_help
43e148a4 T var_complete
43e14938 T cmd_auto_complete
43e14e04 T cmd_get_data_size
43e14e54 T cmd_process
43e14f40 T cmd_process_error
43e14f70 t hex1_bin
43e14fb0 t hex2_bin
43e14fe8 T srec_decode
43e15234 t CYGACC_COMM_IF_GETC_TIMEOUT.isra.0
43e15280 t xyzModem_flush
43e1529c t xyzModem_get_hdr
43e154bc T xyzModem_stream_open
43e156e4 T xyzModem_stream_read
43e15930 T xyzModem_stream_close
43e15984 T xyzModem_stream_terminate
43e15a18 T xyzModem_error
43e15a38 t part_driver_lookup_type
43e15abc T blk_get_dev
43e15aec T dev_print
43e15d0c T part_init
43e15d70 T part_print
43e15e88 T part_get_info
43e15ee8 T part_get_info_whole_disk
43e15f38 T blk_get_device_by_str
43e1608c T blk_get_device_part_str
43e16458 T part_get_info_by_name_type
43e164cc T part_get_info_by_name
43e164d4 T part_set_generic_name
43e16520 t test_block_type
43e165a4 t print_partition_extended
43e16814 T part_print_dos
43e16848 t part_test_dos
43e168b4 t part_get_info_extended
43e16b84 T part_get_info_dos
43e16ba8 T iso_dread
43e16bd8 T part_get_info_iso_verb
43e16f68 t part_test_iso
43e16f88 t part_print_iso
43e17024 t part_get_info_iso
43e1702c t print_efiname
43e170b4 t part_test_efi
43e17180 t validate_gpt_entries
43e17218 t validate_gpt_header
43e17440 t is_gpt_valid
43e176c8 t is_pte_valid
43e17720 T part_print_efi
43e179a4 T part_get_info_efi
43e17b94 T get_disk_guid
43e17c70 T write_gpt_table
43e180fc T gpt_fill_pte
43e18420 T gpt_fill_header
43e18658 T gpt_restore
43e1877c T gpt_verify_headers
43e187f8 T gpt_verify_partitions
43e18a14 t device_bind_common.isra.0
43e18d64 t alloc_priv
43e18db8 T device_bind_with_driver_data
43e18ddc T device_bind
43e18e04 T device_bind_by_name
43e18e70 T device_probe
43e19090 T dev_get_platdata
43e190c0 T dev_get_parent_platdata
43e190f0 T dev_get_uclass_platdata
43e19120 T dev_get_priv
43e19150 T dev_get_uclass_priv
43e19180 T dev_get_parent_priv
43e191b0 T device_find_first_child
43e191cc T dev_get_parent
43e191d4 T device_get_uclass_id
43e191e4 T device_set_name_alloced
43e191f4 T devfdt_get_addr_index
43e192c8 T devfdt_get_addr
43e192d0 T lists_driver_lookup_name
43e19318 T lists_uclass_lookup
43e19350 T lists_bind_drivers
43e193dc T device_bind_driver_to_node
43e19424 T device_bind_driver
43e1943c T lists_bind_fdt
43e195bc t dm_scan_fdt_node
43e196b4 T dm_root
43e196e0 T dm_get_translation_offset
43e196f4 T dm_init
43e19754 T dm_remove_devices_flags
43e19770 T dm_scan_platdata
43e1979c T dm_scan_fdt_dev
43e197c4 T dm_scan_fdt
43e197dc T dm_extended_scan_fdt
43e19828 W dm_scan_other
43e19830 T dm_init_and_scan
43e19878 T uclass_find
43e198c4 T uclass_get
43e199dc T uclass_find_device
43e19a50 T uclass_find_first_device
43e19a8c T uclass_find_next_device
43e19ab8 T uclass_find_device_by_seq
43e19b34 T uclass_find_device_by_of_offset
43e19b9c T uclass_find_device_by_ofnode
43e19c08 T uclass_get_device_tail
43e19c38 T uclass_get_device
43e19c68 T uclass_get_device_by_seq
43e19cbc T uclass_get_device_by_of_offset
43e19cec T uclass_get_device_by_ofnode
43e19d1c T uclass_first_device
43e19d54 T uclass_next_device
43e19d94 T uclass_first_device_check
43e19dc8 T uclass_next_device_check
43e19df4 T uclass_bind_device
43e19e70 T uclass_unbind_device
43e19ebc T uclass_resolve_seq
43e19f70 T uclass_pre_probe_device
43e19fd4 T uclass_post_probe_device
43e19ff4 T uclass_pre_remove_device
43e1a014 T dm_warn
43e1a03c T dm_fdt_pre_reloc
43e1a0a4 T device_free
43e1a134 T device_remove
43e1a298 t simple_bus_post_bind
43e1a2f0 t show_devices
43e1a3e0 T dm_dump_all
43e1a41c T dm_dump_uclass
43e1a508 T ofnode_read_u32
43e1a55c T ofnode_read_u32_default
43e1a57c T ofnode_read_u32_array
43e1a5a4 T ofnode_get_name
43e1a5b8 T ofnode_parse_phandle_with_args
43e1a620 T ofnode_path
43e1a638 T ofnode_get_property
43e1a650 T ofnode_read_bool
43e1a668 T blk_get_if_type_name
43e1a678 T blk_get_devnum_by_typename
43e1a760 T blk_select_hwpart
43e1a790 T blk_dselect_hwpart
43e1a798 T blk_find_device
43e1a818 T blk_get_device
43e1a838 T blk_get_devnum_by_type
43e1a860 T blk_select_hwpart_devnum
43e1a88c T blk_dread
43e1a930 T blk_dwrite
43e1a988 T blk_derase
43e1a9d4 T blk_prepare_device
43e1a9e8 T blk_get_from_parent
43e1aa34 T blk_find_max_devnum
43e1aaac T blk_create_device
43e1ac08 T blk_create_devicef
43e1aca8 T blkcache_read
43e1ad98 T blkcache_fill
43e1aed8 T blkcache_invalidate
43e1af60 T blkcache_configure
43e1aff0 T blkcache_stats
43e1b018 t mmc_send_ext_csd
43e1b064 t mmc_send_op_cond_iter
43e1b0dc t mmc_go_idle
43e1b128 t mmc_set_capacity
43e1b1d8 t mmc_read_and_compare_ext_csd
43e1b280 T mmc_mode_name
43e1b29c T mmc_send_status
43e1b368 T mmc_set_blocklen
43e1b3ec T mmc_bread
43e1b554 T mmc_switch
43e1b5bc t mmc_startup_v4
43e1b8f0 t mmc_set_card_speed
43e1b998 T mmc_switch_part
43e1b9fc T mmc_hwpart_config
43e1be30 T mmc_set_clock
43e1be60 t mmc_startup
43e1caa4 T mmc_dump_capabilities
43e1caa8 T mmc_start_init
43e1cd10 T mmc_init
43e1ce14 T mmc_set_dsr
43e1ce20 T mmc_initialize
43e1cef0 t mmc_blk_probe
43e1cf08 T dm_mmc_set_ios
43e1cf28 T mmc_set_ios
43e1cf30 T dm_mmc_send_init_stream
43e1cf48 T mmc_send_init_stream
43e1cf50 T dm_mmc_get_wp
43e1cf70 T mmc_getwp
43e1cf78 T dm_mmc_get_cd
43e1cf98 T mmc_getcd
43e1cfa0 T mmc_get_mmc_dev
43e1cfc4 T dm_mmc_send_cmd
43e1d008 T mmc_send_cmd
43e1d010 t mmc_select_hwpart
43e1d068 T find_mmc_device
43e1d0b4 T get_mmc_num
43e1d0cc T mmc_get_blk_desc
43e1d0f4 T mmc_do_preinit
43e1d15c T print_mmc_devices
43e1d244 T mmc_bind
43e1d308 T mmc_berase
43e1d4c0 T mmc_bwrite
43e1d650 t dwmci_wait_reset.isra.0
43e1d68c t dwmci_send_cmd
43e1db88 t dwmci_setup_bus.part.2
43e1dc84 t dwmci_set_ios
43e1dd18 T dwmci_probe
43e1de30 T dwmci_setup_cfg
43e1de88 T dwmci_bind
43e1de8c t exynos_dwmci_clksel
43e1dea4 t exynos_dwmci_board_init
43e1defc T exynos_dwmci_get_clk
43e1df34 t exynos_dwmci_get_config
43e1e0fc t do_dwmci_init
43e1e1b0 t exynos_dwmmc_probe
43e1e23c t exynos_dwmmc_bind
43e1e25c t sdhci_reset.isra.3
43e1e2c4 t sdhci_send_command
43e1e8a4 t sdhci_set_clock.isra.5
43e1ea8c t sdhci_set_ios
43e1ebb8 T sdhci_probe
43e1ed4c T sdhci_setup_cfg
43e1efa8 T sdhci_bind
43e1efac t s5p_sdhci_set_control_reg
43e1f00c t s5p_set_clock
43e1f014 t sdhci_get_config
43e1f0d0 t s5p_sdhci_bind
43e1f0f0 t do_sdhci_init
43e1f1e0 t s5p_sdhci_probe
43e1f270 t dfu_write_buffer_drain
43e1f318 T dfu_free_buf
43e1f338 T dfu_get_buf_size
43e1f348 T dfu_get_buf
43e1f3f8 T dfu_transaction_cleanup
43e1f444 T dfu_transaction_initiate
43e1f4c8 T dfu_flush
43e1f52c T dfu_write
43e1f62c T dfu_read
43e1f7f0 T dfu_free_entities
43e1f88c T dfu_config_entities
43e1fad4 T dfu_init_env_entities
43e1fb44 T dfu_get_dev_type
43e1fb80 T dfu_get_layout
43e1fbbc T dfu_show_entities
43e1fc34 T dfu_get_alt_number
43e1fc44 T dfu_get_entity
43e1fc84 T dfu_get_alt
43e1fd2c t mmc_block_op
43e1ff00 t mmc_file_op
43e200e8 T dfu_free_entity_mmc
43e20110 T dfu_write_medium_mmc
43e201d8 T dfu_flush_medium_mmc
43e20224 T dfu_get_medium_size_mmc
43e202d0 T dfu_read_medium_mmc
43e203b4 T dfu_fill_entity_mmc
43e20674 t keyboard_start
43e20698 t keyboard_stop
43e206bc t keyboard_pre_probe
43e20728 t keyboard_tstc
43e20778 t keyboard_getc
43e207c8 T input_tstc
43e20810 T input_getc
43e2086c T input_init
43e20890 t gpio_to_device
43e20910 t check_reserved
43e20984 t gpio_renumber
43e20a08 t gpio_pre_remove
43e20a58 t gpio_post_probe
43e20a90 T gpio_xlate_offs_flags
43e20ad4 T dm_gpio_request
43e20b6c t dm_gpio_requestf
43e20bb0 T gpio_request
43e20bdc T dm_gpio_get_value
43e20c24 T dm_gpio_set_value
43e20c78 T dm_gpio_set_dir_flags
43e20d10 t gpio_request_tail
43e20df8 T gpio_set_value
43e20e24 T gpio_request_by_name_nodev
43e20e88 t s5p_gpio_get_bank
43e20f54 t s5p_gpio_cfg_pin
43e20f78 t exynos_gpio_get_function
43e20fb4 t exynos_gpio_get_value
43e20fe0 t exynos_gpio_direction_output
43e21030 t exynos_gpio_direction_input
43e21054 t gpio_exynos_probe
43e2108c t gpio_exynos_bind
43e21180 t exynos_gpio_set_value
43e211c0 T gpio_set_pull
43e21208 T gpio_set_drv
43e21248 T gpio_cfg_pin
43e21268 T dm_i2c_set_bus_speed
43e212b4 t i2c_post_probe
43e212f0 T i2c_chip_ofdata_to_platdata
43e21344 t i2c_child_post_bind
43e21374 t spi_flash_post_bind
43e2137c t _serial_putc
43e213bc t __serial_getc
43e213e8 t __serial_tstc
43e2140c t serial_stub_putc
43e21414 t serial_stub_getc
43e2141c t serial_stub_tstc
43e21424 t serial_pre_remove
43e2142c t serial_post_probe
43e214ec t serial_stub_puts
43e21514 T serial_init
43e21670 T serial_initialize
43e21674 T serial_putc
43e2168c T serial_puts
43e216c0 T serial_getc
43e216d4 T serial_tstc
43e216e8 T serial_setbrg
43e21718 t on_baudrate
43e21808 T serial_stdio_init
43e2180c t s5p_serial_getc
43e21844 t s5p_serial_putc
43e21878 t s5p_serial_pending
43e21898 T s5p_serial_setbrg
43e218dc t s5p_serial_ofdata_to_platdata
43e21924 t s5p_serial_probe
43e2195c T printch
43e219a8 t spi_child_pre_probe
43e219e4 t spi_post_probe
43e21a14 T spi_slave_ofdata_to_platdata
43e21b68 t spi_child_post_bind
43e21b98 T usb_ep_autoconfig
43e21d84 T usb_ep_autoconfig_reset
43e21dbc T usb_descriptor_fillbuf
43e21e20 T usb_gadget_get_string
43e21fb0 t dwc2_udc_pre_setup
43e22000 t udc_set_address
43e22074 t dwc2_udc_ep_clear_stall
43e220c0 t dwc2_udc_ep_activate
43e22170 t udc_reinit
43e221e0 t set_max_pktsize
43e22268 t done
43e222b8 t nuke
43e222ec t setdma_tx
43e223fc t write_fifo_ep0
43e22454 t setdma_rx
43e22524 t complete_rx
43e226a8 t dwc2_udc_ep_set_stall.isra.1
43e226f8 t reconfig_usbd.isra.2
43e22910 T dfu_usb_get_reset
43e22930 T otg_phy_init
43e22a0c T otg_phy_off
43e22aa8 T usb_gadget_register_driver
43e22b4c T usb_gadget_unregister_driver
43e22c24 T usb_gadget_handle_interrupts
43e235f0 t count_configs
43e23664 t collect_langs
43e236b4 t composite_setup_complete
43e236b8 t composite_suspend
43e23738 t composite_resume
43e237b4 t g_dnl_unbind
43e237e4 t lookup_string
43e23830 t composite_unbind
43e2395c t composite_bind
43e23a78 t g_dnl_do_config
43e23ad4 t reset_config.isra.0
43e23b2c t composite_disconnect
43e23b6c t composite_setup
43e243cc T usb_add_function
43e24498 T usb_interface_id
43e244c0 T usb_add_config
43e2458c T usb_string_id
43e245ac T usb_composite_register
43e24628 T usb_composite_unregister
43e24658 T g_dnl_set_serialnumber
43e2468c t on_serialno
43e246a0 W g_dnl_get_board_bcd_device_number
43e246a4 t g_dnl_bind
43e247f4 W g_dnl_board_usb_cable_connected
43e247fc T g_dnl_detach
43e2480c T g_dnl_trigger_detach
43e24820 T g_dnl_clear_detach
43e24834 T g_dnl_register
43e24874 T g_dnl_unregister
43e24880 t thor_setup_complete
43e24884 t thor_rx_tx_complete
43e248ec t thor_func_setup
43e24988 t thor_rx_data
43e24a48 t thor_tx_data
43e24b00 t send_rsp
43e24b2c T thor_add
43e24bc4 t free_ep_req
43e24bf8 t thor_func_disable
43e24c9c t thor_unbind
43e24ce0 t thor_func_bind
43e24ebc t send_data_rsp.constprop.2
43e24f00 t thor_func_set_alt
43e25098 t process_data
43e25650 T thor_init
43e25740 T thor_handle
43e257a4 t dfu_set_alt
43e257c0 t __dfu_get_alt
43e257c8 t dfu_disable
43e257dc T dfu_add
43e258c4 t dfu_handle
43e2599c t dnload_request_flush
43e259bc t dnload_request_complete
43e259f8 t dfu_unbind
43e25a88 t dfu_bind
43e25cac t handle_upload.isra.9
43e25cd0 t handle_getstatus
43e25e0c t state_dfu_error
43e25e70 t state_dfu_manifest_sync
43e25ee0 t state_dfu_dnload_idle
43e25fa0 t state_dfu_dnbusy
43e25fc4 t state_dfu_dnload_sync
43e26008 t state_app_detach
43e2604c t state_app_idle
43e260b8 t state_dfu_upload_idle
43e26168 t state_dfu_manifest
43e261dc t state_dfu_idle
43e262c8 t raise_exception
43e262e8 t ep0_queue
43e26314 t bulk_in_complete
43e26358 t bulk_out_complete
43e2639c t fsg_set_alt
43e263bc t fsg_disable
43e263d0 t fsg_setup
43e264c4 t fsg_unbind
43e26508 t store_cdrom_address
43e2658c t fsg_set_halt.isra.7
43e2659c t start_transfer.isra.9
43e265dc t halt_bulk_in_endpoint.isra.14
43e26614 t sleep_thread.isra.17
43e26718 t do_read
43e26960 t do_write
43e26cd0 t send_status
43e26dd8 t check_command.isra.19
43e26f54 t do_mode_sense.isra.21
43e270ec T fsg_add
43e273d4 t do_set_interface
43e27620 T fsg_main_thread
43e288f0 T usb_copy_descriptors
43e28974 t fsg_bind
43e28a68 T fsg_init
43e28a88 T env_get_yesno
43e28ac4 T env_get_default
43e28af4 T set_default_env
43e28b94 T set_default_vars
43e28bcc T env_import
43e28c8c T env_export
43e28d14 T env_relocate
43e28d40 T env_complete
43e28e30 W env_get_location
43e28e6c t env_driver_lookup
43e28eb0 W env_get_char_spec
43e28ebc T env_get_char
43e28edc T env_load
43e28f70 T env_save
43e29004 T env_init
43e2908c T env_attr_walk
43e291ac T env_attr_lookup
43e29334 t clear_callback
43e29344 t find_env_callback
43e293a4 t on_callbacks
43e293f4 t set_callback
43e2948c T env_callback_init
43e29550 t clear_flags
43e29560 t on_flags
43e295b0 T env_flags_parse_vartype
43e29600 T env_flags_parse_varaccess
43e29650 t set_flags
43e29700 T env_flags_init
43e297d8 T env_flags_validate
43e299f4 W mmc_get_env_addr
43e29ae0 W mmc_get_env_dev
43e29ae8 t env_mmc_save
43e29c08 t env_mmc_load
43e29d0c t fs_probe_unsupported
43e29d24 t fs_exists_unsupported
43e29d2c t fs_size_unsupported
43e29d34 t fs_write_unsupported
43e29d3c t fs_close_unsupported
43e29d40 t fs_uuid_unsupported
43e29d48 t fs_opendir_unsupported
43e29d50 t fs_get_info
43e29d84 t fs_close
43e29dac t fs_read_unsupported
43e29db4 t fs_ls_unsupported
43e29dbc T fs_set_blk_dev
43e29e80 T fs_set_blk_dev_with_part
43e29f14 T fs_ls
43e29f50 T fs_exists
43e29f84 T fs_size
43e29fc0 T fs_read
43e2a020 T fs_write
43e2a0b0 T fs_opendir
43e2a12c T fs_readdir
43e2a188 T fs_closedir
43e2a1c0 t fs_ls_generic
43e2a26c T do_size
43e2a2cc T do_load
43e2a510 T do_ls
43e2a578 T file_exists
43e2a5a4 T do_save
43e2a71c T do_fs_type
43e2a78c T get_fs
43e2a798 T ext4fs_free_node
43e2a7b8 T ext4fs_read_file
43e2ab40 T ext4fs_ls
43e2abd8 T ext4fs_exists
43e2abf4 T ext4fs_size
43e2abf8 T ext4fs_read
43e2ac54 T ext4fs_probe
43e2ac84 T ext4_read_file
43e2acf4 T ext4fs_uuid
43e2ad2c T ext4fs_get_group_descriptor
43e2ad3c T ext4fs_sb_get_free_blocks
43e2ad60 T ext4fs_sb_set_free_blocks
43e2ad70 T ext4fs_bg_get_free_blocks
43e2ad8c T ext4fs_bg_get_block_id
43e2adcc T ext4fs_bg_get_inode_id
43e2ae0c T ext4fs_bg_get_inode_table_id
43e2ae4c T ext4fs_div_roundup
43e2ae6c T put_ext4
43e2b004 T ext4fs_set_block_bmap
43e2b0ac T ext4fs_reset_block_bmap
43e2b140 T ext4fs_set_inode_bmap
43e2b1b0 T ext4fs_reset_inode_bmap
43e2b21c T ext4fs_checksum_update
43e2b2a8 T ext4fs_get_new_blk_no
43e2b6b4 T ext4fs_get_new_inode_no
43e2baa4 T ext4fs_allocate_blocks
43e2c0d4 T ext4fs_read_inode
43e2c228 T ext4fs_iget
43e2c254 T read_allocated_block
43e2cb1c T ext4fs_update_parent_dentry
43e2ce90 t search_dir
43e2cfdc T ext4fs_get_parent_inode_num
43e2d420 T ext4fs_filename_unlink
43e2d5e8 T ext4fs_reinit_global
43e2d6a4 T ext4fs_close
43e2d700 T ext4fs_iterate_dir
43e2d9c0 t ext4fs_find_file1
43e2dc78 T ext4fs_find_file
43e2dcf0 T ext4fs_open
43e2dd9c T ext4fs_mount
43e2de80 T ext4fs_set_blk_dev
43e2dee0 T ext4fs_devread
43e2df20 T ext4_read_superblock
43e2df58 t ext4fs_update
43e2e070 T ext4fs_get_bgdtable
43e2e130 T ext4fs_deinit
43e2e2c0 T ext4fs_init
43e2e5a0 T ext4fs_write
43e2f7b8 T ext4_write_file
43e2f818 T ext4fs_dump_metadata
43e2f86c T ext4fs_free_journal
43e2f954 T ext4fs_log_gdt
43e2fa1c T ext4fs_log_journal
43e2fb04 T ext4fs_put_metadata
43e2fbd0 T ext4fs_push_revoke_blk
43e2fca8 T ext4fs_free_revoke_blks
43e2fd18 T check_blknr_for_revoke
43e2fd94 T recover_transaction
43e2fefc T print_jrnl_status
43e2ff14 T ext4fs_check_journal_state
43e301fc T ext4fs_init_journal
43e3043c T ext4fs_update_journal
43e30764 T ext2fs_crc16
43e3079c t downcase
43e307d8 t mkcksum
43e30828 t disk_read
43e30888 t get_name
43e30968 t get_cluster
43e30ad4 t read_bootsectandvi
43e30bf8 t fat_itr_root
43e30d4c t disk_write
43e30dd8 t flush_dirty_fat_buffer
43e30e80 t get_fatent
43e31014 t next_dent
43e3114c t find_empty_cluster
43e31178 t set_fatent_value
43e31348 t set_cluster
43e314b4 t set_name
43e31600 t check_overflow
43e31698 t slot2str
43e31754 t fat_itr_next
43e31880 t fat_itr_resolve
43e31a00 t flush_dir_table.constprop.8
43e31ad4 t do_fat_write
43e32710 T fat_set_blk_dev
43e327dc T file_fat_detectfs
43e32924 T fat_exists
43e32990 T fat_size
43e32a48 T file_fat_read_at
43e32e14 T fat_read_file
43e32e5c T fat_opendir
43e32edc T fat_readdir
43e32f54 T fat_closedir
43e32f70 T fat_close
43e32f74 T file_fat_write
43e32fd0 T fs_devread
43e331f0 t efi_uc_destroy
43e33208 t efi_uc_init
43e33220 t check_node_type
43e332ac t efi_uc_start
43e33384 t efi_uc_supported
43e33444 t disconnect_child
43e334b4 t efi_uc_stop
43e33608 T efi_driver_init
43e33718 t efi_bl_write
43e3377c t efi_bl_read
43e337e0 t efi_bl_bind
43e33904 t efi_set_code_and_data_type
43e3398c T efi_print_image_info
43e33a2c T efi_print_image_infos
43e33a98 T efi_load_pe
43e33e54 t efi_is_event
43e33e94 T __efi_entry_check
43e33ecc T __efi_exit_check
43e33ef8 t efi_queue_event
43e33f58 t efi_set_mem
43e33f80 t efi_copy_mem
43e33fa4 t efi_calculate_crc32
43e33fd4 t efi_set_watchdog_timer
43e33ff8 t efi_stall
43e34018 t efi_get_next_monotonic_count
43e3404c t efi_start_image
43e340f8 t efi_register_protocol_notify
43e3410c t efi_close_event
43e3415c t efi_free_pool_ext
43e34180 t efi_allocate_pool_ext
43e341ac t efi_get_memory_map_ext
43e341ec t efi_free_pages_ext
43e34220 t efi_allocate_pages_ext
43e34254 t efi_raise_tpl
43e34288 T efi_save_gd
43e34298 T efi_restore_gd
43e342b0 t efi_exit
43e342d4 T efi_signal_event
43e343cc t efi_exit_boot_services
43e344e0 t efi_signal_event_ext
43e34520 T efi_add_handle
43e34558 T efi_create_handle
43e34590 T efi_create_event
43e3464c T efi_create_event_ex
43e34694 t efi_create_event_ext
43e346dc T efi_timer_check
43e34780 t efi_check_event
43e347fc t efi_wait_for_event
43e348e0 t efi_restore_tpl
43e34910 T efi_set_timer
43e349f4 t efi_set_timer_ext
43e34a28 T efi_search_obj
43e34a60 T efi_search_protocol
43e34adc T efi_remove_protocol
43e34b50 t efi_locate_protocol
43e34be0 t efi_open_protocol_information
43e34cbc t efi_close_protocol
43e34d5c t efi_locate_handle
43e34e84 t efi_locate_handle_buffer
43e34f40 t efi_locate_device_path
43e3507c t efi_locate_handle_ext
43e350bc T efi_remove_all_protocols
43e35110 T efi_delete_handle
43e35148 t efi_protocols_per_handle
43e35228 t efi_open_protocol
43e35494 t efi_disconnect_controller
43e356e4 t efi_disconnect_all_drivers
43e35854 t efi_bind_controller
43e35910 t efi_handle_protocol
43e35930 t efi_connect_controller
43e35b00 t efi_unload_image
43e35b3c t efi_uninstall_protocol_interface
43e35c18 T efi_add_protocol
43e35cb8 t efi_install_protocol_interface
43e35d34 t efi_uninstall_multiple_protocol_interfaces
43e35e08 t efi_install_multiple_protocol_interfaces
43e35edc t efi_reinstall_protocol_interface
43e35f6c T efi_install_configuration_table
43e360ac t efi_install_configuration_table_ext
43e360d0 T efi_setup_loaded_image
43e3619c T efi_load_image_from_path
43e362c0 t efi_load_image
43e363f8 t efi_get_time_boottime
43e36400 t efi_reset_system_boottime
43e3648c W efi_reset_system_init
43e36494 W efi_get_time_init
43e3649c T efi_runtime_relocate
43e365d0 t efi_set_virtual_address_map
43e36750 t efi_key_notify
43e36754 t efi_cout_enable_cursor
43e36784 t efi_cout_set_cursor_position
43e367c4 t efi_cout_clear_screen
43e367e4 t efi_cout_set_attribute
43e36840 t efi_cout_test_string
43e36854 t efi_cout_reset
43e36868 t efi_cin_reset
43e3687c t efi_cout_output_string
43e369a8 t efi_console_timer_notify
43e369dc t efi_cout_set_mode
43e36a24 t efi_cout_query_mode
43e36aa4 t skip_modifiers.constprop.5
43e36b04 t efi_cin_read_key_stroke
43e36d58 T efi_console_register
43e37004 t efi_mem_cmp
43e37034 t efi_find_free_memory
43e37104 T efi_add_memory_map
43e37424 T efi_allocate_pages
43e374d4 T efi_alloc
43e37528 T efi_free_pages
43e37560 T efi_allocate_pool
43e375b8 T efi_free_pool
43e375d8 T efi_get_memory_map
43e37698 W efi_add_known_memory
43e3771c T efi_memory_init
43e377a0 t efi_str_to_u16
43e37804 t efi_convert_single_device_node_to_text
43e37c8c t efi_convert_device_path_to_text
43e37d0c t efi_convert_device_node_to_text
43e37d4c T efi_dp_str
43e37d78 t dp_size
43e37e24 t dp_alloc
43e37e60 t dp_part_size
43e37eb0 t dp_part_node
43e3808c t dp_fill
43e38230 t dp_part_fill
43e38294 T efi_dp_next
43e382d0 T efi_dp_match
43e38340 T efi_dp_last_node
43e38384 T efi_dp_instance_size
43e383d0 t find_obj
43e384d8 T efi_dp_find_obj
43e38524 T efi_dp_size
43e38564 T efi_dp_dup
43e385a4 T efi_dp_append
43e3862c T efi_dp_append_node
43e38704 T efi_dp_create_device_node
43e38738 T efi_dp_append_instance
43e387d0 T efi_dp_get_next_instance
43e3885c T efi_dp_is_multi_instance
43e38898 T efi_dp_from_part
43e388dc T efi_dp_part_node
43e38914 T efi_dp_from_file
43e389d0 T efi_dp_from_eth
43e38a58 T efi_dp_from_mem
43e38b48 T efi_dp_split_file_path
43e38bd4 t create_device_node
43e38c08 t is_device_path_multi_instance
43e38c2c t get_next_device_path_instance
43e38c58 t append_device_path_instance
43e38c84 t append_device_node
43e38cb0 t append_device_path
43e38cdc t duplicate_device_path
43e38d00 t get_device_path_size
43e38d2c t efi_file_flush
43e38d40 t efi_file_setinfo
43e38d54 t efi_file_getpos
43e38d90 t efi_file_setpos
43e38ddc t efi_file_delete
43e38e04 t set_blk_dev.isra.0
43e38e10 t efi_file_getinfo
43e38ffc t efi_file_write
43e39084 t efi_file_read
43e3924c t file_open
43e394d0 t efi_open_volume
43e3950c t efi_file_open
43e39560 t efi_file_close
43e39588 T efi_file_from_path
43e396ac T efi_simple_file_system
43e396f0 t hex
43e3972c t efi_to_native
43e3978c t prefix
43e397c4 t parse_attr.part.0
43e3986c T efi_get_variable
43e39a60 T efi_get_next_variable_name
43e39a74 T efi_set_variable
43e39c9c t get_var.constprop.0
43e39d50 T efi_bootmgr_load
43e39ed0 t efi_watchdog_timer_notify
43e39f14 T efi_set_watchdog
43e39f40 T efi_watchdog_register
43e39fbc t efi_disk_flush_blocks
43e39fd0 t efi_disk_reset
43e39fe4 t efi_disk_add_dev.isra.0.part.1
43e3a17c t efi_disk_read_blocks
43e3a1ec t efi_disk_write_blocks
43e3a25c T efi_fs_from_path
43e3a2d0 T efi_disk_create_partitions
43e3a3bc T efi_disk_register
43e3a4dc t efi_net_push
43e3a500 t efi_network_timer_notify
43e3a540 t efi_net_nvdata
43e3a554 t efi_net_mcastiptomac
43e3a568 t efi_net_statistics
43e3a57c t efi_net_station_address
43e3a590 t efi_net_receive_filters
43e3a5a4 t efi_net_shutdown
43e3a5b8 t efi_net_reset
43e3a5cc t efi_net_get_status
43e3a630 t efi_net_initialize
43e3a678 t efi_net_transmit
43e3a6c8 t efi_net_receive
43e3a7fc t efi_net_stop
43e3a810 t efi_net_start
43e3a824 T efi_net_register
43e3aa84 T efi_smbios_register
43e3aad0 T utf16_strlen
43e3aaf0 T utf16_strnlen
43e3ab18 T utf16_to_utf8
43e3ac34 T utf8_to_utf16
43e3ad20 T crc16_ccitt
43e3ad5c t smbios_write_type127
43e3adb0 t smbios_write_type32
43e3ae04 t smbios_string_table_len
43e3ae3c t smbios_add_string
43e3aea4 t smbios_write_type3
43e3af30 t smbios_write_type2
43e3afcc t smbios_write_type0
43e3b0c0 t smbios_write_type1
43e3b184 t smbios_write_type4
43e3b25c T write_smbios_table
43e3b378 T initcall_run_list
43e3b3d8 t lmb_add_region
43e3b564 T lmb_init
43e3b58c T lmb_add
43e3b590 T lmb_free
43e3b678 T lmb_reserve
43e3b680 T __lmb_alloc_base
43e3b7a0 T lmb_alloc_base
43e3b7d4 T lmb_alloc
43e3b7dc W board_lmb_reserve
43e3b7e0 T string_to_ip
43e3b874 T qsort
43e3b960 T strcmp_compar
43e3b96c t merge
43e3b9d4 T list_sort
43e3bb68 T zcalloc
43e3bb70 T zcfree
43e3bb78 T inflate_fast
43e3c0e8 T inflate_table
43e3c610 T inflateReset
43e3c688 T inflateInit2_
43e3c788 T inflateEnd
43e3c7ec T adler32
43e3cb28 T inflate
43e3dfe4 T gzalloc
43e3dff4 T gzfree
43e3dffc T gzip_parse_header
43e3e09c T zunzip
43e3e1b8 T gunzip
43e3e208 T fdt_check_header
43e3e27c T fdt_offset_ptr
43e3e2e8 T fdt_next_tag
43e3e404 T fdt_check_node_offset_
43e3e440 T fdt_check_prop_offset_
43e3e47c T fdt_next_node
43e3e538 T fdt_first_subnode
43e3e56c T fdt_next_subnode
43e3e5bc T fdt_find_string_
43e3e614 T fdt_move
43e3e658 T fdt_node_end_offset_
43e3e69c T fdt_strerror
43e3e6f4 t fdt_blocks_misordered_
43e3e758 t fdt_splice_
43e3e7e8 t fdt_splice_mem_rsv_
43e3e840 t fdt_splice_struct_
43e3e88c t fdt_packblocks_
43e3e918 t fdt_add_property_
43e3ea3c t fdt_rw_check_header_
43e3ea9c T fdt_add_mem_rsv
43e3eb24 T fdt_del_mem_rsv
43e3eb7c T fdt_setprop_placeholder
43e3ec4c T fdt_setprop
43e3ec94 T fdt_delprop
43e3ecfc T fdt_add_subnode_namelen
43e3edec T fdt_add_subnode
43e3ee1c T fdt_del_node
43e3ee6c T fdt_open_into
43e3f000 T fdt_address_cells
43e3f04c T fdt_size_cells
43e3f094 t fdt_path_next_separator
43e3f0e4 t _nextprop
43e3f138 T fdt_string
43e3f14c T fdt_get_mem_rsv
43e3f1ac T fdt_num_mem_rsv
43e3f1ec T fdt_subnode_offset_namelen
43e3f2bc T fdt_subnode_offset
43e3f2ec T fdt_get_name
43e3f35c T fdt_first_property_offset
43e3f37c T fdt_next_property_offset
43e3f39c T fdt_get_property_by_offset
43e3f3ec T fdt_get_property_namelen
43e3f4a4 T fdt_get_property
43e3f4e0 T fdt_getprop_namelen
43e3f500 T fdt_getprop_by_offset
43e3f548 T fdt_getprop
43e3f584 T fdt_get_phandle
43e3f5f4 T fdt_get_alias_namelen
43e3f638 T fdt_path_offset_namelen
43e3f71c T fdt_path_offset
43e3f744 T fdt_supernode_atdepth_offset
43e3f7e8 T fdt_node_depth
43e3f810 T fdt_parent_offset
43e3f840 T fdt_node_offset_by_phandle
43e3f8ac T fdt_stringlist_contains
43e3f928 T fdt_node_check_compatible
43e3f968 T fdt_node_offset_by_compatible
43e3f9dc T fdtdec_get_int
43e3fa10 t get_prop_check_min_len
43e3fa4c T fdtdec_get_is_enabled
43e3fa88 T fdtdec_get_alias_seq
43e3fba0 T fdtdec_get_chosen_prop
43e3fbd4 T fdtdec_get_chosen_node
43e3fbfc T fdtdec_prepare_fdt
43e3fc40 T fdtdec_get_int_array
43e3fca0 T fdtdec_get_bool
43e3fcbc T fdtdec_parse_phandle_with_args
43e3fe18 T fdtdec_get_config_int
43e3fe58 T fdtdec_get_config_string
43e3fe94 T fdtdec_get_number
43e3fedc T fdtdec_get_addr_size_fixed
43e3ff98 T fdtdec_get_addr_size
43e3ffcc T fdtdec_get_addr
43e3ffd4 W board_fdt_blob_setup
43e3ffe0 T fdtdec_setup
43e40014 t cmpkey
43e40028 t _hdelete.isra.0
43e40078 t drop_var_from_set.part.1
43e400c8 t match_string.isra.2
43e40128 T hcreate_r
43e401cc T hdestroy_r
43e40240 T hmatch_r
43e402e0 T hsearch_r
43e40754 T hdelete_r
43e40840 T hexport_r
43e40b58 T himport_r
43e40f44 T hwalk_r
43e40fa0 T display_options_get_banner_priv
43e41038 T display_options_get_banner
43e41048 T display_options
43e41080 T print_freq
43e41230 T print_size
43e4136c T print_buffer
43e41520 T crc32_no_comp
43e415f4 T crc32
43e41608 T crc32_wd
43e4160c T crc32_wd_buf
43e41644 W __div64_32
43e41714 T hang
43e41730 T skip_spaces
43e41758 T strim
43e417b4 T strncasecmp
43e41834 T strcpy
43e4184c T strncpy
43e41870 T strcat
43e418a0 T strncat
43e418f0 T strcmp
43e41918 T strncmp
43e41954 T strchr
43e41980 T strlen
43e419a4 T strlcpy
43e419f4 T strrchr
43e41a30 T strnlen
43e41a60 T strdup
43e41a94 T strspn
43e41ad0 T strpbrk
43e41b14 T strtok
43e41b8c T strsep
43e41bc4 T memmove
43e41c04 T memcmp
43e41c38 T strstr
43e41ca4 T memchr
43e41cd4 T udelay
43e41d04 T uuid_str_valid
43e41d90 T uuid_str_to_bin
43e41f24 T uuid_bin_to_str
43e41fd0 T gen_rand_uuid
43e42038 T gen_rand_uuid_str
43e42068 T rand_r
43e42084 T rand
43e42090 t panic_finish
43e420c0 T panic_str
43e420cc T panic
43e420e8 t put_dec
43e42354 t number
43e42608 t string16
43e426f0 t string
43e427ac t vsnprintf_internal
43e42d20 T vscnprintf
43e42d44 T snprintf
43e42d6c T vsprintf
43e42d7c T sprintf
43e42da4 T printf
43e42df8 T vprintf
43e42e30 T simple_itoa
43e42e88 t _parse_integer_fixup_radix
43e42f20 T simple_strtoul
43e42f98 T strict_strtoul
43e43010 T simple_strtol
43e43034 T ustrtoul
43e430a4 T simple_strtoull
43e43140 T ustrtoull
43e431c8 T trailing_strtoln
43e43238 T trailing_strtol
43e43240 T arp_init
43e43290 T eth_set_current_to_next
43e432a8 T eth_set_dev
43e432b8 T eth_get_dev_by_name
43e43338 T eth_write_hwaddr
43e4351c t on_ethaddr
43e435c4 T eth_init
43e43638 T eth_halt
43e43668 T eth_send
43e436a4 T eth_rx
43e436c8 T eth_env_get_enetaddr_by_index
43e43714 T eth_env_set_enetaddr_by_index
43e43760 T eth_mac_skip
43e437a0 T eth_get_name
43e437c0 T eth_current_changed
43e43858 T eth_try_another
43e438e0 T eth_set_current
43e43970 t net_clear_handlers
43e439a4 t dummy_handler
43e439a8 t on_ipaddr
43e439d8 t on_gatewayip
43e43a08 t on_netmask
43e43a38 t on_serverip
43e43a68 t net_init_loop
43e43a90 T net_init
43e43b00 T copy_filename
43e43b44 t on_bootfile
43e43b80 T string_to_vlan
43e43bd0 t on_nvlan
43e43c00 t on_vlan
43e43c30 t do_dm_dump_devres
43e43c38 t do_dm
43e43cac t do_dm_dump_uclass
43e43cbc t do_dm_dump_all
43e43ccc T __aeabi_llsl
43e43ccc T __ashldi3
43e43ce8 T __aeabi_uidiv
43e43ce8 T __udivsi3
43e43d84 T __aeabi_idiv
43e43d84 T __divsi3
43e43e50 T __aeabi_uidivmod
43e43e68 T __aeabi_idivmod
43e43e80 t Ldiv0
43e43e90 T __aeabi_llsr
43e43e90 T __lshrdi3
43e43eac T __div0
43e43eb0 r efi_boot_services
43e43f78 r efi_file_handle_protocol
43e44064 r CSWTCH.28
43e44084 r CSWTCH.41
43e440a4 r boot_os
43e44104 r color
43e44144 r crc_table
43e44544 r dfu_state
43e44570 R dm_dwmci_ops
43e44584 r driver_ops
43e44590 r efi_blk_ops
43e445a0 R efi_device_path_to_text
43e445a8 R efi_device_path_utilities
43e445c8 r efi_runtime_detach_list
43e44618 r env_flags_varaccess_mask
43e44628 r ext_csd_bus_width
43e44664 r exynos_dwmmc_ids
43e44674 r exynos_gpio_ids
43e446ac r fbase
43e446bc r fdt_errtable
43e44704 r freqs.10032
43e44734 r generic_simple_bus_ids
43e4474c r gpio_exynos_ops
43e44774 r if_type_uclass_id
43e447a4 r if_typename_str
43e447d4 r init_sequence_f
43e44880 r keywords
43e44918 r machines
43e44928 r mmc_blk_ops
43e44938 r mmc_modes_by_pref
43e44958 r mmc_versions.10381
43e4497c r names.10027
43e449ac R op_adv
43e44aac r op_table
43e44b14 r root_info
43e44b1c r s5p_sdhci_ids
43e44b2c r s5p_sdhci_ops
43e44b44 r s5p_serial_ids
43e44b54 r s5p_serial_ops
43e44b6c r sd_au_size.10265
43e44bac r sd_modes_by_pref
43e44bbc R sdhci_ops
43e44bd0 r smbios_write_funcs
43e44bec r uimage_arch
43e44d30 r uimage_comp
43e44d84 r uimage_os
43e44e14 r uimage_type
43e44fc4 r crc16_tab
43e451c4 r crc16_table
43e453c4 r dbase.7866
43e45404 r dext.7867
43e45444 r distfix
43e4550c r lbase.7864
43e4554a r lenfix
43e45d4a r lext.7865
43e45d88 r order.7960
43e45ddf r CSWTCH.66
43e45df5 r END
43e45df9 r ROOT
43e45e0d r __FUNCTION__.9216
43e45e24 r __FUNCTION__.9380
43e45e3b r __func__.10161
43e45e48 r __func__.10167
43e45e59 r __func__.10171
43e45e71 r __func__.10175
43e45e89 r __func__.10179
43e45e96 r __func__.10183
43e45eaa r __func__.10187
43e45ebe r __func__.10606
43e45eca r __func__.10735
43e45ed6 r __func__.10768
43e45eea r __func__.10792
43e45efd r __func__.10806
43e45f0d r __func__.10843
43e45f18 r __func__.10857
43e45f28 r __func__.11069
43e45f34 r __func__.11104
43e45f3e r __func__.11127
43e45f47 r __func__.11136
43e45f57 r __func__.11172
43e45f61 r __func__.11177
43e45f6d r __func__.11228
43e45f7f r __func__.11339
43e45f8b r __func__.11357
43e45fa0 r __func__.11371
43e45fb8 r __func__.11392
43e45fcc r __func__.11656
43e45fdd r __func__.11800
43e45fec r __func__.7538
43e45ff7 r __func__.7966
43e45ffe r __func__.7988
43e46011 r __func__.7997
43e46025 r __func__.8401
43e46041 r __func__.8402
43e46055 r __func__.8706
43e46062 r __func__.8716
43e4607d r __func__.8735
43e46089 r __func__.8834
43e46097 r __func__.8844
43e460a6 r __func__.8856
43e460b8 r __func__.8867
43e460cb r __func__.8929
43e460d7 r __func__.8947
43e460ea r __func__.8997
43e460f7 r __func__.9009
43e4610e r __func__.9014
43e4611b r __func__.9092
43e46133 r __func__.9208
43e46141 r __func__.9458
43e4614f R _ctype
43e46ce1 R default_environment
43e4702f r delims.7602
43e4746d r dfu_func
43e47500 r dfu_name
43e475e2 r digits.8878
43e475f2 r dirletter.9027
43e493e5 R efi_block_io_guid
43e496ef R efi_file_info_guid
43e496ff R efi_file_system_info_guid
43e4973f R efi_global_variable_guid
43e4974f R efi_guid_device_path
43e4975f R efi_guid_device_path_to_text_protocol
43e4976f R efi_guid_device_path_utilities_protocol
43e4977f R efi_guid_driver_binding_protocol
43e4978f R efi_guid_event_group_exit_boot_services
43e4979f R efi_guid_event_group_reset_system
43e497af R efi_guid_fdt
43e497bf R efi_guid_loaded_image
43e497cf R efi_guid_text_input_protocol
43e497df R efi_guid_text_output_protocol
43e49923 r efi_net_guid
43e499c9 r efi_pxe_guid
43e49a7d R efi_simple_file_system_protocol_guid
43e49cc6 r env_flags_varaccess_rep
43e49ccb r env_flags_vartype_rep
43e49e29 r erase_seq
43e4ab49 r fsg_string_interface
43e4ae83 r hexchars.8597
43e4b792 r manufacturer
43e4bc5f r multipliers
43e4bc6f r names.7574
43e4bc72 r names.7608
43e4c274 r partition_basic_data_guid
43e4c57b r product
43e4cd2c r smbios_guid
43e50dcb r tab_seq
43e51086 r vendor_id.8878
43e5108f V version_string
43e5120c D s5p_cpu_id
43e51210 D s5p_cpu_rev
43e51214 d exynos542x_bit_info
43e51480 d exynos5_bit_info
43e516d8 d bootm_help_text
43e51a64 d cmd_bootm_sub
43e51b60 d source_help_text
43e51bb0 d cmd_blkc_sub
43e51be8 d bootefi_help_text
43e51d70 d efi_obj_list_initialized
43e51d74 d bootz_help_text
43e51f7c d fdt_help_text
43e52586 d root.8328
43e52588 d tabs.8412
43e525ac d do_echo
43e525b0 d dp_last_length
43e525b4 d cmd_mmc
43e526cc d curr_device
43e526d0 d cmd_env_sub
43e527e8 d env_help_text
43e52a38 d env_id
43e52a3c d hash_algo
43e52a58 d reserved_list
43e52adc d init_sequence_r
43e52b44 d of_busses
43e52b5c d hist_cur
43e52b60 d av_
43e52f68 d sbrk_base
43e52f6c d trim_threshold
43e52f70 D load_addr
43e52f74 D stdio_names
43e52f80 d system_guid
43e52f90 d _stats
43e52fa4 d block_cache
43e52fac d cmd_timeout.10791
43e52fb0 d dfu_list
43e52fb8 d exynos4_gpio_data
43e52fd8 d exynos4x12_gpio_data
43e53018 d exynos5420_gpio_data
43e53048 d exynos5_gpio_data
43e53088 d ep0_fifo_size
43e5308c d ep_fifo_size
43e53090 d reset_available
43e53094 d composite_driver
43e530b8 d device_desc
43e530cc d g_dnl_composite_strings
43e530d4 d g_dnl_driver
43e530f4 d g_dnl_string_defs
43e53114 d g_dnl_string_tab
43e5311c d fs_in_desc
43e53125 d fs_int_desc
43e5312e d fs_out_desc
43e53137 d hs_in_desc
43e53140 d hs_int_desc
43e53149 d hs_out_desc
43e53154 d hs_thor_downloader_function
43e53184 d thor_downloader_cdc_abstract
43e53188 d thor_downloader_cdc_av
43e53190 d thor_downloader_cdc_call
43e53195 d thor_downloader_cdc_header
43e5319a d thor_downloader_cdc_union
43e5319f d thor_downloader_intf_data
43e531a8 d thor_downloader_intf_int
43e531b1 d thor_iad_descriptor
43e531bc d dfu_generic_strings
43e531c4 d dfu_intf_runtime
43e531d0 d dfu_runtime_descs
43e531d8 d dfu_strings
43e531e0 d strings_dfu_generic
43e531f0 d stringtab_dfu
43e531f8 d stringtab_dfu_generic
43e53200 d fsg_fs_bulk_in_desc
43e53209 d fsg_fs_bulk_out_desc
43e53214 d fsg_fs_function
43e53224 d fsg_hs_bulk_in_desc
43e5322d d fsg_hs_bulk_out_desc
43e53238 d fsg_hs_function
43e53248 d fsg_intf_desc
43e53254 d fsg_strings
43e53264 d fsg_strings_array
43e5326c d fsg_stringtab
43e53274 D env_htab
43e53284 d first_call
43e53288 d first_call
43e5328c d fstypes
43e53334 D ext4fs_indir1_blkno
43e53338 D ext4fs_indir2_blkno
43e5333c D ext4fs_indir3_blkno
43e53340 d prev_bg_bitmap_index.8324
43e53344 d prev_inode_bitmap_index.8348
43e53348 d prev_bg_bmap_idx.8050
43e5334c d prev_bg_bmap_idx.8065
43e53350 d prev_bg_bmap_idx.8087
43e53354 d prev_bg_bmap_idx.8122
43e53358 d first_node
43e5335c D efi_events
43e53364 d efi_is_direct_boot
43e53368 D efi_obj_list
43e53370 d efi_tpl
43e53374 D efi_runtime_mmio
43e5337c d lastoff.10654
43e53380 D efi_con_in
43e5338c d efi_con_mode
43e533a4 D efi_con_out
43e533cc d efi_cout_modes
43e533f0 D efi_mem
43e533f8 d y
43e533fc d first_call.8173
43e53400 D net_native_vlan
43e53402 D net_our_vlan
43e53404 d test_commands
43e53464 D _u_boot_list_2_cmd_2_base
43e53464 d start.7469
43e53464 d start.7473
43e53464 d start.7544
43e53464 d start.7548
43e53464 d start.7575
43e53464 d start.7579
43e53480 D _u_boot_list_2_cmd_2_bdinfo
43e5349c D _u_boot_list_2_cmd_2_blkcache
43e534b8 D _u_boot_list_2_cmd_2_boot
43e534d4 D _u_boot_list_2_cmd_2_bootd
43e534f0 D _u_boot_list_2_cmd_2_bootefi
43e5350c D _u_boot_list_2_cmd_2_bootelf
43e53528 D _u_boot_list_2_cmd_2_bootm
43e53544 D _u_boot_list_2_cmd_2_bootvx
43e53560 D _u_boot_list_2_cmd_2_bootz
43e5357c D _u_boot_list_2_cmd_2_cmp
43e53598 D _u_boot_list_2_cmd_2_coninfo
43e535b4 D _u_boot_list_2_cmd_2_cp
43e535d0 D _u_boot_list_2_cmd_2_crc32
43e535ec D _u_boot_list_2_cmd_2_dcache
43e53608 D _u_boot_list_2_cmd_2_dfu
43e53624 D _u_boot_list_2_cmd_2_dm
43e53640 D _u_boot_list_2_cmd_2_echo
43e5365c D _u_boot_list_2_cmd_2_editenv
43e53678 D _u_boot_list_2_cmd_2_env
43e53694 D _u_boot_list_2_cmd_2_erase
43e536b0 D _u_boot_list_2_cmd_2_exit
43e536cc D _u_boot_list_2_cmd_2_ext2load
43e536e8 D _u_boot_list_2_cmd_2_ext2ls
43e53704 D _u_boot_list_2_cmd_2_ext4load
43e53720 D _u_boot_list_2_cmd_2_ext4ls
43e5373c D _u_boot_list_2_cmd_2_ext4size
43e53758 D _u_boot_list_2_cmd_2_ext4write
43e53774 D _u_boot_list_2_cmd_2_false
43e53790 D _u_boot_list_2_cmd_2_fatinfo
43e537ac D _u_boot_list_2_cmd_2_fatload
43e537c8 D _u_boot_list_2_cmd_2_fatls
43e537e4 D _u_boot_list_2_cmd_2_fatsize
43e53800 D _u_boot_list_2_cmd_2_fatwrite
43e5381c D _u_boot_list_2_cmd_2_fdt
43e53838 D _u_boot_list_2_cmd_2_flinfo
43e53854 D _u_boot_list_2_cmd_2_fstype
43e53870 D _u_boot_list_2_cmd_2_go
43e5388c D _u_boot_list_2_cmd_2_gpt
43e538a8 D _u_boot_list_2_cmd_2_help
43e538c4 D _u_boot_list_2_cmd_2_icache
43e538e0 D _u_boot_list_2_cmd_2_iminfo
43e538fc D _u_boot_list_2_cmd_2_itest
43e53918 D _u_boot_list_2_cmd_2_load
43e53934 D _u_boot_list_2_cmd_2_loadb
43e53950 D _u_boot_list_2_cmd_2_loads
43e5396c D _u_boot_list_2_cmd_2_loadx
43e53988 D _u_boot_list_2_cmd_2_loady
43e539a4 D _u_boot_list_2_cmd_2_loop
43e539c0 D _u_boot_list_2_cmd_2_ls
43e539dc D _u_boot_list_2_cmd_2_md
43e539f8 D _u_boot_list_2_cmd_2_mm
43e53a14 D _u_boot_list_2_cmd_2_mmc
43e53a30 D _u_boot_list_2_cmd_2_mmcinfo
43e53a4c D _u_boot_list_2_cmd_2_mw
43e53a68 D _u_boot_list_2_cmd_2_nm
43e53a84 D _u_boot_list_2_cmd_2_part
43e53aa0 D _u_boot_list_2_cmd_2_printenv
43e53abc D _u_boot_list_2_cmd_2_protect
43e53ad8 D _u_boot_list_2_cmd_2_question_mark
43e53af4 D _u_boot_list_2_cmd_2_reset
43e53b10 D _u_boot_list_2_cmd_2_run
43e53b2c D _u_boot_list_2_cmd_2_save
43e53b48 D _u_boot_list_2_cmd_2_saveenv
43e53b64 D _u_boot_list_2_cmd_2_setenv
43e53b80 D _u_boot_list_2_cmd_2_setexpr
43e53b9c D _u_boot_list_2_cmd_2_showvar
43e53bb8 D _u_boot_list_2_cmd_2_size
43e53bd4 D _u_boot_list_2_cmd_2_source
43e53bf0 D _u_boot_list_2_cmd_2_sysboot
43e53c0c D _u_boot_list_2_cmd_2_test
43e53c28 D _u_boot_list_2_cmd_2_thordown
43e53c44 D _u_boot_list_2_cmd_2_true
43e53c60 D _u_boot_list_2_cmd_2_ums
43e53c7c D _u_boot_list_2_cmd_2_version
43e53c98 D _u_boot_list_2_driver_2_efi_blk
43e53c98 d end.7476
43e53c98 d end.7551
43e53c98 d end.7582
43e53c98 d start.10635
43e53c98 d start.9388
43e53c98 d start.9392
43e53c98 d start.9474
43e53c98 d start.9478
43e53cdc D _u_boot_list_2_driver_2_efi_block
43e53d20 D _u_boot_list_2_driver_2_exynos_dwmmc_drv
43e53d64 D _u_boot_list_2_driver_2_gpio_exynos
43e53da8 D _u_boot_list_2_driver_2_i2c_generic_chip_drv
43e53dec D _u_boot_list_2_driver_2_mmc
43e53e30 D _u_boot_list_2_driver_2_mmc_blk
43e53e74 D _u_boot_list_2_driver_2_root_driver
43e53eb8 D _u_boot_list_2_driver_2_s5p_sdhci_drv
43e53efc D _u_boot_list_2_driver_2_serial_s5p
43e53f40 D _u_boot_list_2_driver_2_simple_bus_drv
43e53f84 D _u_boot_list_2_driver_2_spi_generic_drv
43e53fc8 D _u_boot_list_2_env_clbk_2_baudrate
43e53fc8 d end.10637
43e53fc8 d end.9395
43e53fc8 d end.9434
43e53fc8 d end.9481
43e53fc8 d start.7951
43e53fc8 d start.7958
43e53fc8 d start.9427
43e53fc8 d start.9431
43e53fd0 D _u_boot_list_2_env_clbk_2_bootfile
43e53fd8 D _u_boot_list_2_env_clbk_2_callbacks
43e53fe0 D _u_boot_list_2_env_clbk_2_console
43e53fe8 D _u_boot_list_2_env_clbk_2_ethaddr
43e53ff0 D _u_boot_list_2_env_clbk_2_flags
43e53ff8 D _u_boot_list_2_env_clbk_2_gatewayip
43e54000 D _u_boot_list_2_env_clbk_2_ipaddr
43e54008 D _u_boot_list_2_env_clbk_2_loadaddr
43e54010 D _u_boot_list_2_env_clbk_2_netmask
43e54018 D _u_boot_list_2_env_clbk_2_nvlan
43e54020 D _u_boot_list_2_env_clbk_2_serialno
43e54028 D _u_boot_list_2_env_clbk_2_serverip
43e54030 D _u_boot_list_2_env_clbk_2_vlan
43e54038 D _u_boot_list_2_env_driver_2_mmc
43e54038 d end.7954
43e54038 d start.7951
43e54038 d start.7959
43e5404c D _u_boot_list_2_g_dnl_bind_callbacks_2___usb_function_name_usb_dnl_dfu
43e5404c d end.7954
43e5404c d start.11725
43e54054 D _u_boot_list_2_g_dnl_bind_callbacks_2___usb_function_name_usb_dnl_thor
43e5405c D _u_boot_list_2_g_dnl_bind_callbacks_2___usb_function_name_usb_dnl_ums
43e54064 D _u_boot_list_2_part_driver_2_a_efi
43e54064 d end.11730
43e54064 d start.7557
43e54064 d start.7561
43e54064 d start.7629
43e54064 d start.7633
43e5407c D _u_boot_list_2_part_driver_2_dos
43e54094 D _u_boot_list_2_part_driver_2_iso
43e540ac D _u_boot_list_2_uclass_2_blk
43e540ac d end.7564
43e540ac d end.7636
43e540ac d start.9407
43e540ac d start.9411
43e540f4 D _u_boot_list_2_uclass_2_efi
43e5413c D _u_boot_list_2_uclass_2_gpio
43e54184 D _u_boot_list_2_uclass_2_i2c
43e541cc D _u_boot_list_2_uclass_2_i2c_generic
43e54214 D _u_boot_list_2_uclass_2_keyboard
43e5425c D _u_boot_list_2_uclass_2_mmc
43e542a4 D _u_boot_list_2_uclass_2_root
43e542ec D _u_boot_list_2_uclass_2_serial
43e54334 D _u_boot_list_2_uclass_2_simple_bus
43e5437c D _u_boot_list_2_uclass_2_spi
43e543c4 D _u_boot_list_2_uclass_2_spi_flash
43e5440c D _u_boot_list_2_uclass_2_spi_generic
43e54454 D __efi_runtime_start
43e54454 d end.9414
43e54458 W efi_reset_system
43e5445c W efi_get_time
43e54464 t efi_unimplemented
43e5446c t efi_device_error
43e54474 t efi_invalid_parameter
43e5447c T efi_update_capsule
43e54484 T efi_query_capsule_caps
43e5448c T efi_query_variable_info
43e54498 T systab
43e544e0 t efi_conf_table
43e54620 t firmware_vendor
43e54638 T efi_runtime_services
43e54688 T __efi_runtime_rel_start
43e54688 T __efi_runtime_stop
43e54730 B __bss_base
43e54730 B __bss_start
43e54730 R __efi_runtime_rel_stop
43e54730 R __image_copy_end
43e54730 R __rel_dyn_start
43e54730 b base_time_us.7650
43e54734 b params
43e54738 b bootefi_device_path
43e5473c b bootefi_image_path
43e54740 b data.8301
43e54b40 B working_fdt
43e54b44 b a_b
43e54b5c b bin_start_address
43e54b60 b his_eol
43e54b61 b his_pad_char
43e54b64 b his_pad_count
43e54b68 b his_quote
43e54b6c b k_data_escape
43e54b70 b k_data_escape_saved
43e54b74 b os_data_addr
43e54b78 b os_data_addr_saved
43e54b7c b os_data_char
43e54b80 b os_data_init
43e54b84 b os_data_state
43e54b88 b os_data_state_saved
43e54b8c b send_parms
43e54ba0 b send_ptr
43e54ba4 b base_address
43e54ba8 b dp_last_addr
43e54bac b dp_last_size
43e54bb0 b mm_last_addr
43e54bb4 b mm_last_size
43e54bb8 b do_getfile
43e54bbc b fs_argv
43e54bd0 b is_pxe
43e54bd4 b ums
43e54bd8 b ums_count
43e54bdc b buf.8006
43e54c04 b do_repeat
43e54c08 b flag_repeat
43e54c0c b ifs
43e54c10 b last_return_code
43e54c14 b map
43e54d14 b the_command.7806
43e55118 b top_vars
43e5511c b stored_bootdelay
43e55120 B monitor_flash_len
43e55124 B images
43e55254 B console_buffer
43e55658 b hist_add_idx
43e5565c b hist_lines
43e5a670 b hist_list
43e5a6c0 b hist_max
43e5a6c4 b hist_num
43e5a6c8 b initted.7672
43e5a6cc b ctrlc_disabled
43e5a6d0 b ctrlc_was_pressed
43e5a6d4 b current_mallinfo
43e5a6fc b max_sbrked_mem
43e5a700 b max_total_mem
43e5a704 B mem_malloc_brk
43e5a708 B mem_malloc_end
43e5a70c B mem_malloc_start
43e5a710 b top_pad
43e5a714 b devs
43e5a760 B stdio_devices
43e5a76c b tmp_buf
43e5ab6d b tmp_buf.7565
43e5ad70 b xyz
43e5b1c0 b tmpbuf
43e5b9c0 b name.8799
43e5b9e8 b initialized.10492
43e5b9ec B aligned_buffer
43e5b9f0 b alt_num_cnt
43e5b9f4 b dfu_alt_num
43e5b9f8 b dfu_buf
43e5b9fc b dfu_buf_size
43e5ba00 b dfu_hash_algo
43e5ba04 b dfu_file_buf
43e5ba08 b dfu_file_buf_filled
43e5ba10 b dfu_file_buf_len
43e5ba18 b epnum
43e5ba1c B clear_feature_flag
43e5ba20 b clear_feature_num
43e5ba24 B reg
43e5ba28 B the_controller
43e5ba2c b usb_ctrl
43e5ba30 b usb_ctrl_dma_addr
43e5ba34 b composite
43e5ba38 b g_dnl_detach_request
43e5ba39 b g_dnl_serial
43e5bb40 b __f_name
43e5bb80 b __thor_rx_data_buf
43e5bc80 b __thor_tx_data_buf
43e5bd00 b alt_setting_num
43e5bd04 b cnt.11060
43e5bd08 b left.11056
43e5bd10 b thor_file_size
43e5bd18 b thor_func
43e5bd1c B dfu_defer_flush
43e5bd20 b state.8784
43e5bd24 b the_fsg_common
43e5bd28 b ums
43e5bd2c b ums_count
43e5bd30 b unknown.9040
43e5bd40 b callback_list
43e5bd44 b flags_list
43e5bd48 b fs_dev_desc
43e5bd4c b fs_dev_part
43e5bd50 b fs_partition
43e5bdc8 b fs_type
43e5bdd0 B ext_fs
43e5be18 B ext4fs_file
43e5be1c B ext4fs_indir1_block
43e5be20 B ext4fs_indir1_size
43e5be24 B ext4fs_indir2_block
43e5be28 B ext4fs_indir2_size
43e5be2c B ext4fs_indir3_block
43e5be30 B ext4fs_indir3_size
43e5be34 B ext4fs_root
43e5be38 B g_parent_inode
43e5be3c b symlinknest
43e5be40 b part_info
43e5be44 B part_offset
43e5be48 B dirty_block_ptr
43e5bfd8 B gd_index
43e5bfdc B gindex
43e5bfe0 B journal_ptr
43e5c170 B jrnl_blk_idx
43e5c174 b prev_node
43e5c178 b revk_blk_list
43e5c17c b cur_dev
43e5c180 b cur_part_info
43e5c1f8 b dir_curclust
43e5c200 B do_fat_read_at_block
43e5d228 R __rel_dyn_end
43e5d228 R _end
43e5d228 R _image_binary_end
43e6c200 b empty_dentptr
43e6c240 B get_contents_vfatname_block
43e7c240 B get_dentfromdir_block
43e8c240 b num_of_fats
43e8c244 b total_sector
43e8c248 b app_gd
43e8c24c b efi_gd
43e8c250 b entry_count
43e8c258 b mono.9802
43e8c260 b ret.9706
43e8c264 b console_timer_event
43e8c268 b rs
43e8c26c b watchdog_timer_event
43e8c270 b dhcp_ack
43e8c274 b network_timer_event
43e8c278 b new_rx_packet
43e8c27c b new_tx_packet
43e8c280 b wait_for_packet
43e8c284 B errno
43e8c288 B ___strtok
43e8c28c b local.9086
43e8c2a4 b arp_tx_packet
43e8c2a8 b arp_tx_packet_buf
43e8c8e8 B arp_wait_packet_ethaddr
43e8c8ec B arp_wait_tx_packet_size
43e8c8f0 B net_arp_wait_packet_ip
43e8c8f4 b net_arp_wait_reply_ip
43e8c8f8 B eth_current
43e8c8fc b eth_devices
43e8c900 b act.10490
43e8c904 b env_changed_id.10491
43e8c908 b first_failed.10485
43e8c90c b arp_packet_handler
43e8c910 B net_boot_file_name
43e8cd10 B net_ethaddr
43e8cd18 B net_gateway
43e8cd1c B net_ip
43e8cd20 B net_netmask
43e8cd24 b net_pkt_buf
43e8eb64 B net_restart_wrap
43e8eb68 B net_rx_packet
43e8eb6c B net_rx_packet_len
43e8eb70 B net_rx_packets
43e8eb80 B net_server_ip
43e8eb84 B net_tx_packet
43e8eb88 B push_packet
43e8eb8c b time_handler
43e8eb90 b udp_packet_handler
43e8eb94 B __bss_end
43e8eb94 B __bss_limit
