dwc2_udc_otg_xfer_dma.c:43:13:dwc2_udc_pre_setup	0	static
dwc2_udc_otg_xfer_dma.c:743:13:udc_set_address	0	static
dwc2_udc_otg_xfer_dma.c:987:13:dwc2_udc_ep_clear_stall	0	static
dwc2_udc_otg_xfer_dma.c:1082:13:dwc2_udc_ep_activate	4	static
dwc2_udc_otg.c:178:13:udc_reinit	4	static
dwc2_udc_otg.c:511:13:set_max_pktsize	0	static
dwc2_udc_otg.c:697:12:dwc2_fifo_status	0	static
dwc2_udc_otg.c:720:13:dwc2_fifo_flush	0	static
dwc2_udc_otg.c:305:13:done	16	static
dwc2_udc_otg.c:356:13:nuke	16	static
dwc2_udc_otg.c:607:12:dwc2_ep_disable	8	static
dwc2_udc_otg.c:664:12:dwc2_dequeue	8	static
dwc2_udc_otg_xfer_dma.c:134:12:setdma_tx	16	static
dwc2_udc_otg_xfer_dma.c:686:12:write_fifo_ep0	16	static
dwc2_udc_otg_xfer_dma.c:92:12:setdma_rx	32	static
dwc2_udc_otg_xfer_dma.c:192:13:complete_rx	48	static
dwc2_udc_otg.c:652:13:dwc2_free_request	8	static
dwc2_udc_otg.c:635:28:dwc2_alloc_request	8	static
dwc2_udc_otg_xfer_dma.c:952:13:dwc2_udc_ep_set_stall.isra.1	0	static
dwc2_udc_otg_xfer_dma.c:1035:12:dwc2_udc_set_halt	8	static
dwc2_udc_otg.c:397:13:reconfig_usbd.isra.2	16	static
dwc2_udc_otg.c:541:12:dwc2_ep_enable	8	static
dwc2_udc_otg_xfer_dma.c:585:12:dwc2_queue	24	static
dwc2_udc_otg.c:111:6:set_udc_gadget_private_data	0	static
dwc2_udc_otg.c:119:7:get_udc_gadget_private_data	0	static
dwc2_udc_otg.c:147:6:dfu_usb_get_reset	0	static
dwc2_udc_otg.c:152:13:otg_phy_init	0	static
dwc2_udc_otg.c:153:13:otg_phy_off	0	static
dwc2_udc_otg.c:230:5:usb_gadget_register_driver	16	static
dwc2_udc_otg.c:279:5:usb_gadget_unregister_driver	32	static
dwc2_udc_otg.c:811:5:dwc2_udc_probe	8	static
dwc2_udc_otg.c:848:5:usb_gadget_handle_interrupts	48	static
