f_thor.c:623:13:thor_setup_complete	0	static
f_thor.c:594:13:thor_rx_tx_complete	0	static
f_thor.c:631:1:thor_func_setup	16	static
f_thor.c:534:12:thor_rx_data	24	static
f_thor.c:566:13:thor_tx_data	24	static
f_thor.c:54:13:send_rsp	8	static
f_thor.c:1014:5:thor_add	16	static
f_thor.c:739:13:free_ep_req	16	static
f_thor.c:871:13:thor_func_disable	8	static
f_thor.c:860:13:thor_unbind	8	static
f_thor.c:746:12:thor_func_bind	32	static
f_thor.c:62:13:send_data_rsp.constprop	136	static
f_thor.c:962:12:thor_func_set_alt	32	static
f_thor.c:326:12:process_data	82096	static
f_thor.c:683:5:thor_init	16	static
f_thor.c:713:5:thor_handle	16	static
