dfu.c:138:12:dfu_write_buffer_drain	40	static
dfu.c:35:13:dfu_usb_get_reset	0	static
dfu.c:84:16:dfu_free_buf	8	static
dfu.c:91:15:dfu_get_buf_size	0	static
dfu.c:96:16:dfu_get_buf	24	static
dfu.c:167:6:dfu_transaction_cleanup	24	static
dfu.c:183:5:dfu_transaction_initiate	16	static
dfu.c:209:5:dfu_flush	16	static
dfu.c:229:5:dfu_write	24	static
dfu.c:348:5:dfu_read	40	static
dfu.c:421:6:dfu_free_entities	24	static
dfu.c:439:5:dfu_config_entities	56	static
dfu.c:55:5:dfu_init_env_entities	16	static
dfu.c:476:13:dfu_get_dev_type	32	static
dfu.c:482:13:dfu_get_layout	40	static
dfu.c:489:6:dfu_show_entities	32	static
dfu.c:502:5:dfu_get_alt_number	0	static
dfu.c:507:20:dfu_get_entity	0	static
dfu.c:519:5:dfu_get_alt	24	static
dfu.c:556:5:dfu_write_from_mem_addr	32	static
