clock.c:113:12:exynos_get_pll_clk	16	static
clock.c:343:29:get_clk_bit_info	0	static
clock.c:304:22:exynos542x_get_pll_clk	8	static
clock.c:245:22:exynos5_get_pll_clk	16	static
clock.c:1394:12:clock_calc_best_scalar.constprop	40	static
clock.c:557:15:clock_get_periph_rate	16	static
clock.c:1063:6:exynos4_set_lcd_clk	0	static
clock.c:1115:6:exynos5_set_lcd_clk	0	static
clock.c:1167:6:exynos5420_set_lcd_clk	0	static
clock.c:1194:6:exynos5800_set_lcd_clk	0	static
clock.c:1216:6:exynos4_set_mipi_clk	0	static
clock.c:1266:5:exynos5_set_epll_clk	16	static
clock.c:1320:5:exynos5_set_i2s_clk_source	0	static
clock.c:1340:5:exynos5_set_i2s_clk_prescaler	16	static
clock.c:1575:15:get_pll_clk	8	static
clock.c:1590:15:get_arm_clk	8	static
clock.c:1603:15:get_i2c_clk	8	static
clock.c:1613:15:get_pwm_clk	8	static
clock.c:1626:15:get_uart_clk	8	static
clock.c:1659:15:get_mmc_clk	16	static
clock.c:1687:6:set_mmc_clk	4	static
clock.c:1703:15:get_lcd_clk	40	static
clock.c:1719:6:set_lcd_clk	0	static
clock.c:1733:6:set_mipi_clk	0	static
clock.c:1739:5:set_spi_clk	24	static
clock.c:1750:5:set_i2s_clk_prescaler	0	static
clock.c:1759:5:set_i2s_clk_source	0	static
clock.c:1767:5:set_epll_clk	0	static
