vsprintf.c:129:23:put_dec	56	static
vsprintf.c:158:14:number	128	static
vsprintf.c:277:14:string16	32	dynamic
vsprintf.c:257:14:string	24	static
vsprintf.c:503:12:vsnprintf_internal	104	static
vsprintf.c:704:5:vsnprintf	0	static
vsprintf.c:710:5:vscnprintf	8	static
vsprintf.c:723:5:snprintf	16	static
vsprintf.c:735:5:scnprintf	16	static
vsprintf.c:760:5:vsprintf	0	static
vsprintf.c:765:5:sprintf	12	static
vsprintf.c:777:5:printf	1040	static
vsprintf.c:800:5:vprintf	1032	static
vsprintf.c:820:7:simple_itoa	24	static
vsprintf.c:835:6:print_grouped_ull	48	static
vsprintf.c:850:6:str2off	24	static
vsprintf.c:858:6:str2long	24	static
