part_efi.c:56:14:print_efiname	4	static
part_efi.c:336:12:part_test_efi	16	dynamic
part_efi.c:142:12:validate_gpt_entries	8	static
part_efi.c:79:12:validate_gpt_header	48	static
part_efi.c:931:12:is_gpt_valid	48	dynamic
part_efi.c:1043:12:is_pte_valid	24	static
part_efi.c:216:6:part_print_efi	112	dynamic
part_efi.c:273:5:part_get_info_efi	48	dynamic
part_efi.c:189:5:get_disk_guid	48	dynamic
part_efi.c:389:5:write_gpt_table	40	dynamic
part_efi.c:437:5:gpt_fill_pte	56	static
part_efi.c:604:5:gpt_fill_header	24	static
part_efi.c:628:5:gpt_restore	40	static
part_efi.c:686:5:gpt_verify_headers	24	static
part_efi.c:710:5:gpt_verify_partitions	96	static
part_efi.c:788:5:is_valid_gpt_buf	16	static
part_efi.c:809:5:write_mbr_and_gpt_partitions	56	static
