spi-uclass.c:18:12:spi_set_speed_mode	24	static
spi-uclass.c:150:12:spi_child_pre_probe	16	static
spi-uclass.c:121:12:spi_post_probe	16	static
spi-uclass.c:45:5:dm_spi_claim_bus	32	static
spi-uclass.c:73:6:dm_spi_release_bus	0	static
spi-uclass.c:82:5:dm_spi_xfer	8	static
spi-uclass.c:93:5:spi_claim_bus	0	static
spi-uclass.c:98:6:spi_release_bus	0	static
spi-uclass.c:103:5:spi_xfer	0	static
spi-uclass.c:171:5:spi_chip_select	8	static
spi-uclass.c:178:5:spi_find_chip_select	24	static
spi-uclass.c:212:5:spi_cs_info	24	static
spi-uclass.c:197:5:spi_cs_is_valid	16	static
spi-uclass.c:245:5:spi_find_bus_and_cs	24	static
spi-uclass.c:267:5:spi_get_bus_and_cs	40	static
spi-uclass.c:349:19:spi_setup_slave	32	static
spi-uclass.c:364:6:spi_free_slave	8	static
spi-uclass.c:370:5:spi_slave_ofdata_to_platdata	16	static
spi-uclass.c:110:12:spi_child_post_bind	8	static
