log.h:359:19:log_init	0	static
board_f.c:218:12:setup_mon_len	0	static
board_f.c:318:12:reserve_round_4k	0	static
board_f.c:325:12:reserve_mmu	0	static
board_f.c:395:12:reserve_uboot	0	static
board_f.c:419:12:reserve_malloc	0	static
board_f.c:440:12:setup_machine	0	static
board_f.c:448:12:reserve_global_data	0	static
board_f.c:457:12:reserve_fdt	0	static
board_f.c:712:12:initf_console_record	0	static
board_f.c:747:12:arch_cpu_init_dm	0	static
board_f.c:177:12:dram_init_banksize	8	static
board_f.c:616:12:setup_reloc	8	static
board_f.c:584:12:reloc_fdt	8	static
board_f.c:428:12:reserve_board	8	static
board_f.c:143:12:announce_dram_init	8	static
board_f.c:116:12:init_baud_rate	8	static
board_f.c:721:12:initf_dm	0	static
board_f.c:687:12:initf_bootstage	8	static
board_f.c:742:12:reserve_arch	0	static
board_f.c:122:12:display_text_info	0	static
board_f.c:235:12:arch_cpu_init	0	static
board_f.c:240:12:mach_cpu_init	0	static
board_f.c:352:12:reserve_video	0	static
board_f.c:383:12:reserve_trace	0	static
board_f.c:478:12:reserve_bootstage	0	static
board_f.c:510:12:display_new_sp	0	static
board_f.c:598:12:reloc_bootstage	0	static
board_f.c:66:13:coloured_LED_init	0	static
board_f.c:67:13:red_led_on	0	static
board_f.c:68:13:red_led_off	0	static
board_f.c:69:13:green_led_on	0	static
board_f.c:70:13:green_led_off	0	static
board_f.c:71:13:yellow_led_on	0	static
board_f.c:72:13:yellow_led_off	0	static
board_f.c:73:13:blue_led_on	0	static
board_f.c:74:13:blue_led_off	0	static
board_f.c:111:13:board_add_ram_info	0	static
board_f.c:149:12:show_dram_config	8	static
board_f.c:246:14:board_get_usable_ram_top	0	static
board_f.c:263:12:setup_dest_addr	8	static
board_f.c:492:12:arch_reserve_stacks	0	static
board_f.c:497:12:reserve_stacks	0	static
board_f.c:895:6:board_init_f	8	static
