console.c:104:12:console_setfile	16	static
console.c:489:6:putc	0	static
console.c:534:6:puts	8	static
console.c:292:5:serial_printf	1040	static
console.c:310:5:fgetc	0	static
console.c:383:5:getc	0	static
console.c:342:5:ftstc	0	static
console.c:411:5:tstc	0	static
console.c:350:6:fputc	0	static
console.c:356:6:fputs	0	static
console.c:362:5:fprintf	1044	static
console.c:604:5:ctrlc	8	static
console.c:625:5:confirm_yesno	16	static
console.c:652:5:disable_ctrlc	0	static
console.c:660:5:had_ctrlc	0	static
console.c:665:6:clear_ctrlc	0	static
console.c:672:19:search_device	8	static
console.c:688:5:console_assign	8	static
console.c:24:12:on_console	24	static
console.c:726:5:console_announce_r	208	static
console.c:740:5:console_init_f	0	static
console.c:751:6:stdio_print_current_devices	8	static
console.c:872:5:console_init_r	16	static
