fdt_support.c:1018:12:of_bus_default_map	40	static
fdt_support.c:1545:12:fdt_read_prop	8	static
fdt_support.c:1001:6:fdt_support_default_count_cells	24	static
fdt_support.c:1035:12:of_bus_default_translate	40	static
fdt_support.c:32:5:fdt_getprop_u32_default_node	16	static
fdt_support.c:62:5:fdt_getprop_u32_default	24	static
fdt_support.c:86:5:fdt_find_and_setprop	32	static
fdt_support.c:110:5:fdt_find_or_add_subnode	24	static
fdt_support.c:188:5:fdt_root	24	static
fdt_support.c:214:5:fdt_initrd	72	static
fdt_support.c:274:5:fdt_chosen	24	static
fdt_support.c:305:6:do_fixup_by_path	24	static
fdt_support.c:321:6:do_fixup_by_path_u32	24	static
fdt_support.c:328:6:do_fixup_by_prop	40	static
fdt_support.c:349:6:do_fixup_by_prop_u32	32	static
fdt_support.c:357:6:do_fixup_by_compat	40	static
fdt_support.c:376:6:do_fixup_by_compat_u32	24	static
fdt_support.c:417:5:fdt_fixup_memory_banks	112	static
fdt_support.c:477:5:fdt_fixup_memory	16	static
fdt_support.c:482:6:fdt_fixup_ethernet	80	static
fdt_support.c:560:5:fdt_record_loadable	48	static
fdt_support.c:600:5:fdt_shrink_to_minimum	56	static
fdt_support.c:713:5:fdt_increase_size	0	static
fdt_support.c:927:6:fdt_del_node_and_alias	16	static
fdt_support.c:1279:5:fdt_translate_address	112	static
fdt_support.c:1294:5:fdt_node_offset_by_compat_reg	40	static
fdt_support.c:1315:5:fdt_alloc_phandle	16	static
fdt_support.c:1335:5:fdt_set_phandle	40	static
fdt_support.c:1374:14:fdt_create_phandle	16	static
fdt_support.c:1404:5:fdt_set_node_status	40	static
fdt_support.c:1445:5:fdt_set_status_by_alias	16	static
fdt_support.c:1491:5:fdt_verify_alias_address	48	static
fdt_support.c:1532:5:fdt_get_base_address	24	static
fdt_support.c:1581:5:fdt_read_range	56	static
fdt_support.c:1649:5:fdt_setup_simplefb_node	104	static
fdt_support.c:1702:5:fdt_fixup_display	40	static
