i2c-uclass.c:52:12:i2c_setup_offset	0	static
i2c-uclass.c:27:6:i2c_dump_msgs	32	static
i2c-uclass.c:124:5:dm_i2c_read	80	static
i2c-uclass.c:154:5:dm_i2c_write	64	dynamic
i2c-uclass.c:210:5:dm_i2c_xfer	16	static
i2c-uclass.c:221:5:dm_i2c_reg_read	16	static
i2c-uclass.c:233:5:dm_i2c_reg_write	16	static
i2c-uclass.c:314:5:i2c_get_chip	64	static
i2c-uclass.c:339:5:i2c_get_chip_for_busnum	24	static
i2c-uclass.c:360:5:dm_i2c_probe	40	static
i2c-uclass.c:381:5:dm_i2c_set_bus_speed	24	static
i2c-uclass.c:585:12:i2c_post_probe	16	static
i2c-uclass.c:402:5:dm_i2c_get_bus_speed	16	static
i2c-uclass.c:413:5:i2c_set_chip_flags	24	static
i2c-uclass.c:430:5:i2c_get_chip_flags	8	static
i2c-uclass.c:439:5:i2c_set_chip_offset_len	8	static
i2c-uclass.c:450:5:i2c_get_chip_offset_len	8	static
i2c-uclass.c:555:5:i2c_deblock	40	static
i2c-uclass.c:566:5:i2c_chip_ofdata_to_platdata	16	static
i2c-uclass.c:598:12:i2c_child_post_bind	8	static
