efi_device_path.c:421:17:dp_size	0	static
efi_device_path.c:58:14:dp_alloc	16	static
efi_device_path.c:622:17:dp_part_size	24	static
efi_device_path.c:657:14:dp_part_node	152	static
efi_device_path.c:478:14:dp_fill	16	static
efi_device_path.c:722:14:dp_part_fill	24	static
efi_device_path.c:76:25:efi_dp_next	0	static
efi_device_path.c:94:5:efi_dp_match	16	static
efi_device_path.c:219:31:efi_dp_last_node	8	static
efi_device_path.c:233:13:efi_dp_instance_size	8	static
efi_device_path.c:147:27:find_obj	48	static
efi_device_path.c:193:20:efi_dp_find_obj	16	static
efi_device_path.c:248:13:efi_dp_size	0	static
efi_device_path.c:262:25:efi_dp_dup	16	static
efi_device_path.c:278:25:efi_dp_append	24	static
efi_device_path.c:306:25:efi_dp_append_node	24	static
efi_device_path.c:338:25:efi_dp_create_device_node	16	static
efi_device_path.c:353:25:efi_dp_append_instance	24	static
efi_device_path.c:380:25:efi_dp_get_next_instance	24	static
efi_device_path.c:406:6:efi_dp_is_multi_instance	0	static
efi_device_path.c:608:25:efi_dp_from_dev	16	static
efi_device_path.c:762:25:efi_dp_from_part	16	static
efi_device_path.c:784:25:efi_dp_part_node	16	static
efi_device_path.c:816:25:efi_dp_from_file	24	static
efi_device_path.c:850:25:efi_dp_from_eth	8	static
efi_device_path.c:893:25:efi_dp_from_mem	32	static
efi_device_path.c:922:14:efi_dp_split_file_path	24	static
