efi_boottime.c:551:21:efi_is_event	0	static
efi_boottime.c:142:20:indent_string	16	static
efi_boottime.c:88:5:__efi_entry_check	0	static
efi_boottime.c:100:5:__efi_exit_check	0	static
efi_boottime.c:180:13:efi_queue_event	8	static
efi_boottime.c:2426:20:efi_set_mem	16	static
efi_boottime.c:2407:20:efi_copy_mem	16	static
efi_boottime.c:2387:28:efi_calculate_crc32	16	static
efi_boottime.c:1911:28:efi_set_watchdog_timer	8	static
efi_boottime.c:1891:28:efi_stall	8	static
efi_boottime.c:1872:28:efi_get_next_monotonic_count	16	static
efi_boottime.c:1647:28:efi_start_image	24	static
efi_boottime.c:1204:28:efi_register_protocol_notify	8	static
efi_boottime.c:857:28:efi_close_event	16	static
efi_boottime.c:399:28:efi_free_pool_ext	8	static
efi_boottime.c:378:28:efi_allocate_pool_ext	16	static
efi_boottime.c:350:28:efi_get_memory_map_ext	24	static
efi_boottime.c:325:28:efi_free_pages_ext	16	static
efi_boottime.c:303:28:efi_allocate_pages_ext	16	static
efi_boottime.c:247:29:efi_raise_tpl	16	static
efi_boottime.c:110:6:efi_save_gd	0	static
efi_boottime.c:122:6:efi_restore_gd	0	static
efi_boottime.c:1714:28:efi_exit	8	static
efi_boottime.c:151:13:__efi_nesting	0	static
efi_boottime.c:156:13:__efi_nesting_inc	0	static
efi_boottime.c:161:13:__efi_nesting_dec	0	static
efi_boottime.c:205:6:efi_signal_event	24	static
efi_boottime.c:1802:28:efi_exit_boot_services	24	static
efi_boottime.c:838:28:efi_signal_event_ext	16	static
efi_boottime.c:416:6:efi_add_handle	0	static
efi_boottime.c:431:14:efi_create_handle	8	static
efi_boottime.c:580:14:efi_create_event	32	static
efi_boottime.c:631:21:efi_create_event_ex	24	static
efi_boottime.c:659:28:efi_create_event_ext	24	static
efi_boottime.c:681:6:efi_timer_check	24	static
efi_boottime.c:880:28:efi_check_event	16	static
efi_boottime.c:780:28:efi_wait_for_event	32	static
efi_boottime.c:272:20:efi_restore_tpl	8	static
efi_boottime.c:718:14:efi_set_timer	32	static
efi_boottime.c:760:28:efi_set_timer_ext	16	static
efi_boottime.c:902:20:efi_search_obj	0	static
efi_boottime.c:453:14:efi_search_protocol	24	static
efi_boottime.c:486:14:efi_remove_protocol	24	static
efi_boottime.c:2152:28:efi_locate_protocol	32	static
efi_boottime.c:1982:28:efi_open_protocol_information	32	static
efi_boottime.c:1934:28:efi_close_protocol	24	static
efi_boottime.c:1258:21:efi_locate_handle	32	static
efi_boottime.c:2107:28:efi_locate_handle_buffer	48	static
efi_boottime.c:2194:28:efi_locate_device_path	64	static
efi_boottime.c:1329:28:efi_locate_handle_ext	24	static
efi_boottime.c:511:14:efi_remove_all_protocols	16	static
efi_boottime.c:536:6:efi_delete_handle	8	static
efi_boottime.c:2044:28:efi_protocols_per_handle	24	static
efi_boottime.c:2543:28:efi_open_protocol	48	static
efi_boottime.c:2910:28:efi_disconnect_controller	56	static
efi_boottime.c:1106:21:efi_disconnect_all_drivers	32	static
efi_boottime.c:2623:21:efi_bind_controller	40	static
efi_boottime.c:2607:28:efi_handle_protocol	16	static
efi_boottime.c:2740:28:efi_connect_controller	56	static
efi_boottime.c:1760:28:efi_unload_image	8	static
efi_boottime.c:1145:28:efi_uninstall_protocol_interface	32	static
efi_boottime.c:957:14:efi_add_protocol	24	static
efi_boottime.c:997:28:efi_install_protocol_interface	16	static
efi_boottime.c:2330:28:efi_uninstall_multiple_protocol_interfaces	24	static
efi_boottime.c:2271:28:efi_install_multiple_protocol_interfaces	32	static
efi_boottime.c:2808:28:efi_reinstall_protocol_interface	24	static
efi_boottime.c:1368:14:efi_install_configuration_table	40	static
efi_boottime.c:1424:28:efi_install_configuration_table_ext	8	static
efi_boottime.c:1444:14:efi_setup_loaded_image	16	static
efi_boottime.c:1503:14:efi_load_image_from_path	40	static
efi_boottime.c:1561:28:efi_load_image	48	static
