efi_console.c:550:20:efi_key_notify	0	static
efi_console.c:355:28:efi_cout_enable_cursor	8	static
efi_console.c:342:28:efi_cout_set_cursor_position	16	static
efi_console.c:332:28:efi_cout_clear_screen	8	static
efi_console.c:314:28:efi_cout_set_attribute	8	static
efi_console.c:172:28:efi_cout_test_string	8	static
efi_console.c:108:28:efi_cout_reset	8	static
efi_console.c:379:28:efi_cin_reset	8	static
efi_console.c:116:28:efi_cout_output_string	32	dynamic
efi_console.c:560:20:efi_console_timer_notify	8	static
efi_console.c:282:28:efi_cout_set_mode	8	static
efi_console.c:261:28:efi_cout_query_mode	16	static
efi_console.c:394:13:skip_modifiers.constprop	16	static
efi_console.c:429:28:efi_cin_read_key_stroke	8	static
efi_console.c:575:5:efi_console_register	40	static
