device.c:582:24:_device_find_global_by_of_offset	16	static
device.c:32:12:device_bind_common.isra.0	48	static
device.c:253:14:alloc_priv	16	static
device.c:216:5:device_bind_with_driver_data	24	static
device.c:225:5:device_bind	24	static
device.c:233:5:device_bind_by_name	40	static
device.c:297:5:device_probe	16	static
device.c:429:7:dev_get_platdata	8	static
device.c:439:7:dev_get_parent_platdata	8	static
device.c:449:7:dev_get_uclass_platdata	8	static
device.c:459:7:dev_get_priv	8	static
device.c:469:7:dev_get_uclass_priv	8	static
device.c:479:7:dev_get_parent_priv	8	static
device.c:504:5:device_get_child	16	static
device.c:516:5:device_find_child_by_seq	12	static
device.c:536:5:device_get_child_by_seq	24	static
device.c:554:5:device_find_child_by_of_offset	4	static
device.c:571:5:device_get_child_by_of_offset	24	static
device.c:599:5:device_get_global_by_of_offset	16	static
device.c:607:5:device_find_first_child	0	static
device.c:619:5:device_find_next_child	0	static
device.c:634:17:dev_get_parent	0	static
device.c:639:7:dev_get_driver_data	0	static
device.c:644:13:dev_get_driver_ops	0	static
device.c:652:16:device_get_uclass_id	0	static
device.c:657:13:dev_get_uclass_name	0	static
device.c:665:6:device_has_children	0	static
device.c:670:6:device_has_active_children	16	static
device.c:684:6:device_is_last_sibling	0	static
device.c:693:6:device_set_name_alloced	0	static
device.c:698:5:device_set_name	8	static
device.c:709:6:device_is_compatible	8	static
device.c:714:6:of_machine_is_compatible	8	static
