ofnode.c:18:5:ofnode_read_u32	16	static
ofnode.c:42:5:ofnode_read_u32_default	16	static
ofnode.c:50:5:ofnode_read_s32_default	16	static
ofnode.c:72:13:ofnode_read_string	16	static
ofnode.c:105:8:ofnode_find_subnode	8	static
ofnode.c:131:5:ofnode_read_u32_array	16	static
ofnode.c:147:8:ofnode_first_subnode	8	static
ofnode.c:157:8:ofnode_next_subnode	8	static
ofnode.c:167:8:ofnode_get_parent	8	static
ofnode.c:181:13:ofnode_get_name	0	static
ofnode.c:190:8:ofnode_get_by_phandle	8	static
ofnode.c:203:5:ofnode_read_size	16	static
ofnode.c:394:12:decode_timing_property	32	static
ofnode.c:222:12:ofnode_get_addr_index	8	static
ofnode.c:252:12:ofnode_get_addr	0	static
ofnode.c:257:5:ofnode_stringlist_search	8	static
ofnode.c:278:5:ofnode_read_string_index	24	static
ofnode.c:295:5:ofnode_read_string_count	0	static
ofnode.c:323:5:ofnode_parse_phandle_with_args	104	static
ofnode.c:354:5:ofnode_count_phandle_with_args	24	static
ofnode.c:366:8:ofnode_path	8	static
ofnode.c:374:13:ofnode_get_chosen_prop	8	static
ofnode.c:383:8:ofnode_get_chosen_node	8	static
ofnode.c:482:13:ofnode_get_property	0	static
ofnode.c:58:6:ofnode_read_bool	8	static
ofnode.c:417:5:ofnode_decode_display_timing	40	static
ofnode.c:491:6:ofnode_is_available	8	static
ofnode.c:500:12:ofnode_get_addr_size	0	static
ofnode.c:522:16:ofnode_read_u8_array_ptr	0	static
ofnode.c:540:5:ofnode_read_pci_addr	32	static
ofnode.c:610:5:ofnode_read_simple_addr_cells	0	static
ofnode.c:594:5:ofnode_read_addr_cells	0	static
ofnode.c:618:5:ofnode_read_simple_size_cells	0	static
ofnode.c:602:5:ofnode_read_size_cells	0	static
ofnode.c:626:6:ofnode_pre_reloc	8	static
ofnode.c:650:5:ofnode_read_resource	24	static
ofnode.c:670:5:ofnode_read_resource_byname	16	static
ofnode.c:682:5:ofnode_translate_address	0	static
ofnode.c:690:5:ofnode_device_is_compatible	8	static
