root.c:260:12:dm_scan_fdt_node	32	static
root.c:36:17:dm_root	8	static
root.c:46:6:dm_fixup_for_gd_move	0	static
root.c:55:12:dm_get_translation_offset	8	static
root.c:63:6:dm_set_translation_offset	8	static
root.c:152:5:dm_init	8	static
root.c:186:5:dm_uninit	8	static
root.c:195:5:dm_remove_devices_flags	8	static
root.c:203:5:dm_scan_platdata	8	static
root.c:300:5:dm_scan_fdt_dev	0	static
root.c:315:5:dm_scan_fdt	0	static
root.c:333:5:dm_extended_scan_fdt	16	static
root.c:363:12:dm_scan_other	0	static
root.c:368:5:dm_init_and_scan	8	static
