uclass.c:22:16:uclass_find	0	static
uclass.c:104:5:uclass_destroy	16	static
uclass.c:138:5:uclass_get	24	static
uclass.c:151:13:uclass_get_name	16	static
uclass.c:160:16:uclass_get_by_name	16	static
uclass.c:174:5:uclass_find_device	24	static
uclass.c:197:5:uclass_find_first_device	16	static
uclass.c:214:5:uclass_find_next_device	0	static
uclass.c:227:5:uclass_find_device_by_name	32	static
uclass.c:251:5:uclass_find_device_by_seq	32	static
uclass.c:280:5:uclass_find_device_by_of_offset	24	static
uclass.c:304:5:uclass_find_device_by_ofnode	24	static
uclass.c:362:5:uclass_get_device_by_driver	24	static
uclass.c:382:5:uclass_get_device_tail	16	static
uclass.c:397:5:uclass_get_device	16	static
uclass.c:407:5:uclass_get_device_by_name	16	static
uclass.c:418:5:uclass_get_device_by_seq	24	static
uclass.c:435:5:uclass_get_device_by_of_offset	16	static
uclass.c:446:5:uclass_get_device_by_ofnode	16	static
uclass.c:459:5:uclass_get_device_by_phandle_id	24	static
uclass.c:485:5:uclass_get_device_by_phandle	32	static
uclass.c:497:5:uclass_first_device	16	static
uclass.c:509:5:uclass_first_device_err	8	static
uclass.c:522:5:uclass_next_device	16	static
uclass.c:534:5:uclass_first_device_check	8	static
uclass.c:548:5:uclass_next_device_check	8	static
uclass.c:561:5:uclass_bind_device	8	static
uclass.c:588:5:uclass_unbind_device	8	static
uclass.c:605:5:uclass_resolve_seq	24	static
uclass.c:636:5:uclass_pre_probe_device	8	static
uclass.c:657:5:uclass_post_probe_device	0	static
uclass.c:668:5:uclass_pre_remove_device	0	static
